Archive member included to satisfy reference by file (symbol)

c:/program files (x86)/atmel/studio/7.0/toolchain/avr8/avr8-gnu-toolchain/bin/../lib/gcc/avr/5.4.0/../../../../avr/lib/avrxmega4\libm.a(addsf3.o)
                              main_128_wSoCH_wTCoff_wRPGon_R3.o (__addsf3)
c:/program files (x86)/atmel/studio/7.0/toolchain/avr8/avr8-gnu-toolchain/bin/../lib/gcc/avr/5.4.0/../../../../avr/lib/avrxmega4\libm.a(addsf3x.o)
                              c:/program files (x86)/atmel/studio/7.0/toolchain/avr8/avr8-gnu-toolchain/bin/../lib/gcc/avr/5.4.0/../../../../avr/lib/avrxmega4\libm.a(addsf3.o) (__addsf3x)
c:/program files (x86)/atmel/studio/7.0/toolchain/avr8/avr8-gnu-toolchain/bin/../lib/gcc/avr/5.4.0/../../../../avr/lib/avrxmega4\libm.a(cmpsf2.o)
                              main_128_wSoCH_wTCoff_wRPGon_R3.o (__ltsf2)
c:/program files (x86)/atmel/studio/7.0/toolchain/avr8/avr8-gnu-toolchain/bin/../lib/gcc/avr/5.4.0/../../../../avr/lib/avrxmega4\libm.a(divsf3.o)
                              main_128_wSoCH_wTCoff_wRPGon_R3.o (__divsf3)
c:/program files (x86)/atmel/studio/7.0/toolchain/avr8/avr8-gnu-toolchain/bin/../lib/gcc/avr/5.4.0/../../../../avr/lib/avrxmega4\libm.a(divsf3x.o)
                              c:/program files (x86)/atmel/studio/7.0/toolchain/avr8/avr8-gnu-toolchain/bin/../lib/gcc/avr/5.4.0/../../../../avr/lib/avrxmega4\libm.a(divsf3.o) (__divsf3x)
c:/program files (x86)/atmel/studio/7.0/toolchain/avr8/avr8-gnu-toolchain/bin/../lib/gcc/avr/5.4.0/../../../../avr/lib/avrxmega4\libm.a(fixunssfsi.o)
                              main_128_wSoCH_wTCoff_wRPGon_R3.o (__fixunssfsi)
c:/program files (x86)/atmel/studio/7.0/toolchain/avr8/avr8-gnu-toolchain/bin/../lib/gcc/avr/5.4.0/../../../../avr/lib/avrxmega4\libm.a(floatsisf.o)
                              main_128_wSoCH_wTCoff_wRPGon_R3.o (__floatunsisf)
c:/program files (x86)/atmel/studio/7.0/toolchain/avr8/avr8-gnu-toolchain/bin/../lib/gcc/avr/5.4.0/../../../../avr/lib/avrxmega4\libm.a(fp_cmp.o)
                              c:/program files (x86)/atmel/studio/7.0/toolchain/avr8/avr8-gnu-toolchain/bin/../lib/gcc/avr/5.4.0/../../../../avr/lib/avrxmega4\libm.a(cmpsf2.o) (__fp_cmp)
c:/program files (x86)/atmel/studio/7.0/toolchain/avr8/avr8-gnu-toolchain/bin/../lib/gcc/avr/5.4.0/../../../../avr/lib/avrxmega4\libm.a(fp_inf.o)
                              c:/program files (x86)/atmel/studio/7.0/toolchain/avr8/avr8-gnu-toolchain/bin/../lib/gcc/avr/5.4.0/../../../../avr/lib/avrxmega4\libm.a(addsf3x.o) (__fp_inf)
c:/program files (x86)/atmel/studio/7.0/toolchain/avr8/avr8-gnu-toolchain/bin/../lib/gcc/avr/5.4.0/../../../../avr/lib/avrxmega4\libm.a(fp_nan.o)
                              c:/program files (x86)/atmel/studio/7.0/toolchain/avr8/avr8-gnu-toolchain/bin/../lib/gcc/avr/5.4.0/../../../../avr/lib/avrxmega4\libm.a(addsf3x.o) (__fp_nan)
c:/program files (x86)/atmel/studio/7.0/toolchain/avr8/avr8-gnu-toolchain/bin/../lib/gcc/avr/5.4.0/../../../../avr/lib/avrxmega4\libm.a(fp_pscA.o)
                              c:/program files (x86)/atmel/studio/7.0/toolchain/avr8/avr8-gnu-toolchain/bin/../lib/gcc/avr/5.4.0/../../../../avr/lib/avrxmega4\libm.a(addsf3x.o) (__fp_pscA)
c:/program files (x86)/atmel/studio/7.0/toolchain/avr8/avr8-gnu-toolchain/bin/../lib/gcc/avr/5.4.0/../../../../avr/lib/avrxmega4\libm.a(fp_pscB.o)
                              c:/program files (x86)/atmel/studio/7.0/toolchain/avr8/avr8-gnu-toolchain/bin/../lib/gcc/avr/5.4.0/../../../../avr/lib/avrxmega4\libm.a(addsf3x.o) (__fp_pscB)
c:/program files (x86)/atmel/studio/7.0/toolchain/avr8/avr8-gnu-toolchain/bin/../lib/gcc/avr/5.4.0/../../../../avr/lib/avrxmega4\libm.a(fp_round.o)
                              c:/program files (x86)/atmel/studio/7.0/toolchain/avr8/avr8-gnu-toolchain/bin/../lib/gcc/avr/5.4.0/../../../../avr/lib/avrxmega4\libm.a(addsf3.o) (__fp_round)
c:/program files (x86)/atmel/studio/7.0/toolchain/avr8/avr8-gnu-toolchain/bin/../lib/gcc/avr/5.4.0/../../../../avr/lib/avrxmega4\libm.a(fp_split3.o)
                              c:/program files (x86)/atmel/studio/7.0/toolchain/avr8/avr8-gnu-toolchain/bin/../lib/gcc/avr/5.4.0/../../../../avr/lib/avrxmega4\libm.a(addsf3x.o) (__fp_split3)
c:/program files (x86)/atmel/studio/7.0/toolchain/avr8/avr8-gnu-toolchain/bin/../lib/gcc/avr/5.4.0/../../../../avr/lib/avrxmega4\libm.a(fp_zero.o)
                              c:/program files (x86)/atmel/studio/7.0/toolchain/avr8/avr8-gnu-toolchain/bin/../lib/gcc/avr/5.4.0/../../../../avr/lib/avrxmega4\libm.a(addsf3x.o) (__fp_zero)
c:/program files (x86)/atmel/studio/7.0/toolchain/avr8/avr8-gnu-toolchain/bin/../lib/gcc/avr/5.4.0/../../../../avr/lib/avrxmega4\libm.a(gesf2.o)
                              main_128_wSoCH_wTCoff_wRPGon_R3.o (__gtsf2)
c:/program files (x86)/atmel/studio/7.0/toolchain/avr8/avr8-gnu-toolchain/bin/../lib/gcc/avr/5.4.0/../../../../avr/lib/avrxmega4\libm.a(mulsf3.o)
[...]
Memory Configuration

Name             Origin             Length             Attributes
text             0x00000000         0x00020000         xr
data             0x00804000         0x00004000         rw !x
eeprom           0x00810000         0x00000200         rw !x
fuse             0x00820000         0x00000010         rw !x
lock             0x00830000         0x00000400         rw !x
signature        0x00840000         0x00000400         rw !x
user_signatures  0x00850000         0x00000400         rw !x
*default*        0x00000000         0xffffffff

Linker script and memory map

Address of section .data set to 0x804000
                0x00008000                __RODATA_PM_OFFSET__ = 0x8000
LOAD C:/Program Files (x86)/Atmel/Studio/7.0/Packs/atmel/AVR-Dx_DFP/1.10.114/gcc/dev/avr128db64/avrxmega4/crtavr128db64.o
LOAD fclk_set_8mhz_asm.o
LOAD main_128_wSoCH_wTCoff_wRPGon_R3.o
START GROUP
LOAD c:/program files (x86)/atmel/studio/7.0/toolchain/avr8/avr8-gnu-toolchain/bin/../lib/gcc/avr/5.4.0/../../../../avr/lib/avrxmega4\libm.a
END GROUP
START GROUP
LOAD c:/program files (x86)/atmel/studio/7.0/toolchain/avr8/avr8-gnu-toolchain/bin/../lib/gcc/avr/5.4.0/avrxmega4\libgcc.a
LOAD c:/program files (x86)/atmel/studio/7.0/toolchain/avr8/avr8-gnu-toolchain/bin/../lib/gcc/avr/5.4.0/../../../../avr/lib/avrxmega4\libm.a
LOAD c:/program files (x86)/atmel/studio/7.0/toolchain/avr8/avr8-gnu-toolchain/bin/../lib/gcc/avr/5.4.0/../../../../avr/lib/avrxmega4\libc.a
LOAD C:/Program Files (x86)/Atmel/Studio/7.0/Packs/atmel/AVR-Dx_DFP/1.10.114/gcc/dev/avr128db64/avrxmega4\libavr128db64.a
END GROUP
                [0x00000000]                __TEXT_REGION_ORIGIN__ = DEFINED (__TEXT_REGION_ORIGIN__)?__TEXT_REGION_ORIGIN__:0x0
                [0x00804000]                __DATA_REGION_ORIGIN__ = DEFINED (__DATA_REGION_ORIGIN__)?__DATA_REGION_ORIGIN__:0x802000
                [0x00020000]                __TEXT_REGION_LENGTH__ = DEFINED (__TEXT_REGION_LENGTH__)?__TEXT_REGION_LENGTH__:0x100000
                [0x00004000]                __DATA_REGION_LENGTH__ = DEFINED (__DATA_REGION_LENGTH__)?__DATA_REGION_LENGTH__:0xffa0
                [0x00000200]                __EEPROM_REGION_LENGTH__ = DEFINED (__EEPROM_REGION_LENGTH__)?__EEPROM_REGION_LENGTH__:0x10000
                [0x00000010]                __FUSE_REGION_LENGTH__ = DEFINED (__FUSE_REGION_LENGTH__)?__FUSE_REGION_LENGTH__:0x400
                0x00000400                __LOCK_REGION_LENGTH__ = DEFINED (__LOCK_REGION_LENGTH__)?__LOCK_REGION_LENGTH__:0x400
                0x00000400                __SIGNATURE_REGION_LENGTH__ = DEFINED (__SIGNATURE_REGION_LENGTH__)?__SIGNATURE_REGION_LENGTH__:0x400
                0x00000400                __USER_SIGNATURE_REGION_LENGTH__ = DEFINED (__USER_SIGNATURE_REGION_LENGTH__)?__USER_SIGNATURE_REGION_LENGTH__:0x400

.hash
 *(.hash)

.dynsym
 *(.dynsym)

.dynstr
 *(.dynstr)

.gnu.version
 *(.gnu.version)

.gnu.version_d
 *(.gnu.version_d)

.gnu.version_r
 *(.gnu.version_r)

.rel.init
 *(.rel.init)

.rela.init
 *(.rela.init)

.rel.text
 *(.rel.text)
 *(.rel.text.*)
 *(.rel.gnu.linkonce.t*)

.rela.text
 *(.rela.text)
 *(.rela.text.*)
 *(.rela.gnu.linkonce.t*)

.rel.fini
 *(.rel.fini)

.rela.fini
 *(.rela.fini)

.rel.rodata
 *(.rel.rodata)
 *(.rel.rodata.*)
 *(.rel.gnu.linkonce.r*)

.rela.rodata
 *(.rela.rodata)
 *(.rela.rodata.*)
 *(.rela.gnu.linkonce.r*)

.rel.data
 *(.rel.data)
 *(.rel.data.*)
 *(.rel.gnu.linkonce.d*)

.rela.data
 *(.rela.data)
 *(.rela.data.*)
 *(.rela.gnu.linkonce.d*)

.rel.ctors
 *(.rel.ctors)

.rela.ctors
 *(.rela.ctors)

.rel.dtors
 *(.rel.dtors)

.rela.dtors
 *(.rela.dtors)

.rel.got
 *(.rel.got)

.rela.got
 *(.rela.got)

.rel.bss
 *(.rel.bss)

.rela.bss
 *(.rela.bss)

.rel.plt
 *(.rel.plt)

.rela.plt
 *(.rela.plt)

.text           0x00000000     0xce1e
 *(.vectors)
 .vectors       0x00000000      0x104 C:/Program Files (x86)/Atmel/Studio/7.0/Packs/atmel/AVR-Dx_DFP/1.10.114/gcc/dev/avr128db64/avrxmega4/crtavr128db64.o
                0x00000000                __vector_default
                0x00000000                __vectors
 *(.vectors)
 *(.progmem.gcc*)
                0x00000104                . = ALIGN (0x2)
                0x00000104                __trampolines_start = .
 *(.trampolines)
 .trampolines   0x00000104        0x0 linker stubs
 *(.trampolines*)
                0x00000104                __trampolines_end = .
 *libprintf_flt.a:*(.progmem.data)
 *libc.a:*(.progmem.data)
 *(.progmem*)
                0x00000104                . = ALIGN (0x2)
 *(.jumptables)
 *(.jumptables*)
 *(.lowtext)
 *(.lowtext*)
                0x00000104                __ctors_start = .
 *(.ctors)
                0x00000104                __ctors_end = .
                0x00000104                __dtors_start = .
 *(.dtors)
                0x00000104                __dtors_end = .
 SORT(*)(.ctors)
 SORT(*)(.dtors)
 *(.init0)
 .init0         0x00000104        0x0 C:/Program Files (x86)/Atmel/Studio/7.0/Packs/atmel/AVR-Dx_DFP/1.10.114/gcc/dev/avr128db64/avrxmega4/crtavr128db64.o
                0x00000104                __init
 *(.init0)
 *(.init1)
 *(.init1)
 *(.init2)
 .init2         0x00000104        0xc C:/Program Files (x86)/Atmel/Studio/7.0/Packs/atmel/AVR-Dx_DFP/1.10.114/gcc/dev/avr128db64/avrxmega4/crtavr128db64.o
 *(.init2)
 *(.init3)
 *(.init3)
 *(.init4)
 .init4         0x00000110       0x1a c:/program files (x86)/atmel/studio/7.0/toolchain/avr8/avr8-gnu-toolchain/bin/../lib/gcc/avr/5.4.0/avrxmega4\libgcc.a(_copy_data.o)
                0x00000110                __do_copy_data
 .init4         0x0000012a       0x10 c:/program files (x86)/atmel/studio/7.0/toolchain/avr8/avr8-gnu-toolchain/bin/../lib/gcc/avr/5.4.0/avrxmega4\libgcc.a(_clear_bss.o)
                0x0000012a                __do_clear_bss
 *(.init4)
 *(.init5)
 *(.init5)
 *(.init6)
 *(.init6)
 *(.init7)
 *(.init7)
 *(.init8)
 *(.init8)
 *(.init9)
 .init9         0x0000013a        0x8 C:/Program Files (x86)/Atmel/Studio/7.0/Packs/atmel/AVR-Dx_DFP/1.10.114/gcc/dev/avr128db64/avrxmega4/crtavr128db64.o
 *(.init9)
 *(.text)
 .text          0x00000142        0x4 C:/Program Files (x86)/Atmel/Studio/7.0/Packs/atmel/AVR-Dx_DFP/1.10.114/gcc/dev/avr128db64/avrxmega4/crtavr128db64.o
                0x00000142                __vector_38
                0x00000142                __vector_22
                0x00000142                __vector_63
                0x00000142                __vector_28
                0x00000142                __vector_1
                0x00000142                __vector_32
                0x00000142                __vector_34
                0x00000142                __vector_12
                0x00000142                __vector_55
                0x00000142                __bad_interrupt
                0x00000142                __vector_6
                0x00000142                __vector_31
                0x00000142                __vector_35
                0x00000142                __vector_39
                0x00000142                __vector_3
                0x00000142                __vector_23
                0x00000142                __vector_25
                0x00000142                __vector_61
                0x00000142                __vector_11
                0x00000142                __vector_54
                0x00000142                __vector_13
                0x00000142                __vector_17
                0x00000142                __vector_19
                0x00000142                __vector_56
                0x00000142                __vector_7
                0x00000142                __vector_49
                0x00000142                __vector_41
                0x00000142                __vector_64
                0x00000142                __vector_43
                0x00000142                __vector_27
                0x00000142                __vector_5
                0x00000142                __vector_33
                0x00000142                __vector_47
                0x00000142                __vector_52
                0x00000142                __vector_37
                0x00000142                __vector_4
                0x00000142                __vector_44
                0x00000142                __vector_51
                0x00000142                __vector_2
                0x00000142                __vector_21
                0x00000142                __vector_15
                0x00000142                __vector_36
                0x00000142                __vector_58
                0x00000142                __vector_29
                0x00000142                __vector_60
                0x00000142                __vector_40
                0x00000142                __vector_26
                0x00000142                __vector_48
                0x00000142                __vector_14
                0x00000142                __vector_57
                0x00000142                __vector_53
                0x00000142                __vector_10
                0x00000142                __vector_50
                0x00000142                __vector_16
                0x00000142                __vector_59
                0x00000142                __vector_18
                0x00000142                __vector_20
                0x00000142                __vector_42
 .text          0x00000146        0xc fclk_set_8mhz_asm.o
                0x00000146                fcpu_init
                0x00000152                . = ALIGN (0x2)
 *(.text.*)
 .text.tone     0x00000152      0x20e main_128_wSoCH_wTCoff_wRPGon_R3.o
                0x00000152                tone
 .text.USARTs_Init
                0x00000360      0x112 main_128_wSoCH_wTCoff_wRPGon_R3.o
                0x00000360                USARTs_Init
 .text.TxD_OLED1_USART0
                0x00000472       0x36 main_128_wSoCH_wTCoff_wRPGon_R3.o
                0x00000472                TxD_OLED1_USART0
 .text.TxD_OLED2_USART3
                0x000004a8       0x36 main_128_wSoCH_wTCoff_wRPGon_R3.o
                0x000004a8                TxD_OLED2_USART3
 .text.TxD_OLED3_USART1
                0x000004de       0x36 main_128_wSoCH_wTCoff_wRPGon_R3.o
                0x000004de                TxD_OLED3_USART1
 .text.oled_init
                0x00000514      0x222 main_128_wSoCH_wTCoff_wRPGon_R3.o
                0x00000514                oled_init
 .text.putcharOLED1
                0x00000736       0x84 main_128_wSoCH_wTCoff_wRPGon_R3.o
                0x00000736                putcharOLED1
 .text.putcharOLED2
                0x000007ba       0x84 main_128_wSoCH_wTCoff_wRPGon_R3.o
                0x000007ba                putcharOLED2
 .text.putcharOLED3
                0x0000083e       0x84 main_128_wSoCH_wTCoff_wRPGon_R3.o
                0x0000083e                putcharOLED3
 .text.oled_contrast_set_cc
                0x000008c2      0x14a main_128_wSoCH_wTCoff_wRPGon_R3.o
                0x000008c2                oled_contrast_set_cc
 .text.oled2_contrast_set
                0x00000a0c       0x7e main_128_wSoCH_wTCoff_wRPGon_R3.o
                0x00000a0c                oled2_contrast_set
 .text.oled1_send_command
                0x00000a8a       0xd0 main_128_wSoCH_wTCoff_wRPGon_R3.o
                0x00000a8a                oled1_send_command
 .text.oled2_send_command
                0x00000b5a       0xd4 main_128_wSoCH_wTCoff_wRPGon_R3.o
                0x00000b5a                oled2_send_command
 .text.oled3_send_command
                0x00000c2e       0xd0 main_128_wSoCH_wTCoff_wRPGon_R3.o
                0x00000c2e                oled3_send_command
 .text.oled1_putstring
                0x00000cfe       0xb6 main_128_wSoCH_wTCoff_wRPGon_R3.o
                0x00000cfe                oled1_putstring
 .text.oled2_putstring
                0x00000db4       0xb6 main_128_wSoCH_wTCoff_wRPGon_R3.o
                0x00000db4                oled2_putstring
 .text.oled3_putstring
                0x00000e6a       0xb6 main_128_wSoCH_wTCoff_wRPGon_R3.o
                0x00000e6a                oled3_putstring
 .text.oled1_setxt_position
                0x00000f20       0xca main_128_wSoCH_wTCoff_wRPGon_R3.o
                0x00000f20                oled1_setxt_position
 .text.oled2_setxt_position
                0x00000fea       0xca main_128_wSoCH_wTCoff_wRPGon_R3.o
                0x00000fea                oled2_setxt_position
 .text.oled3_setxt_position
                0x000010b4       0xca main_128_wSoCH_wTCoff_wRPGon_R3.o
                0x000010b4                oled3_setxt_position
 .text.ssc_oled_lines
                0x0000117e       0xa0 main_128_wSoCH_wTCoff_wRPGon_R3.o
                0x0000117e                ssc_oled_lines
 .text.clr_text_area2_short
                0x0000121e       0x3c main_128_wSoCH_wTCoff_wRPGon_R3.o
                0x0000121e                clr_text_area2_short
 .text.USART2_RcvChr
                0x0000125a       0x24 main_128_wSoCH_wTCoff_wRPGon_R3.o
                0x0000125a                USART2_RcvChr
 .text.USART2_SndChr
                0x0000127e       0x36 main_128_wSoCH_wTCoff_wRPGon_R3.o
                0x0000127e                USART2_SndChr
 .text.SOC_UART2_SndCmd
                0x000012b4       0x68 main_128_wSoCH_wTCoff_wRPGon_R3.o
                0x000012b4                SOC_UART2_SndCmd
 .text.Get_SOC_Response
                0x0000131c       0x9e main_128_wSoCH_wTCoff_wRPGon_R3.o
                0x0000131c                Get_SOC_Response
 .text.verify_SOCH_online
                0x000013ba      0x28c main_128_wSoCH_wTCoff_wRPGon_R3.o
                0x000013ba                verify_SOCH_online
 .text.display_pack_voltage
                0x00001646      0x11a main_128_wSoCH_wTCoff_wRPGon_R3.o
                0x00001646                display_pack_voltage
 .text.display_pack_current
                0x00001760      0x1b6 main_128_wSoCH_wTCoff_wRPGon_R3.o
                0x00001760                display_pack_current
 .text.display_pack_soc
                0x00001916       0xd8 main_128_wSoCH_wTCoff_wRPGon_R3.o
                0x00001916                display_pack_soc
 .text.display_pack_kwh
                0x000019ee       0xce main_128_wSoCH_wTCoff_wRPGon_R3.o
                0x000019ee                display_pack_kwh
 .text.soc_state_screen_load
                0x00001abc       0x48 main_128_wSoCH_wTCoff_wRPGon_R3.o
                0x00001abc                soc_state_screen_load
 .text.entering_evim_state_screen_loads
                0x00001b04       0xf8 main_128_wSoCH_wTCoff_wRPGon_R3.o
                0x00001b04                entering_evim_state_screen_loads
 .text.reload_big_wait_mid_oled
                0x00001bfc       0x34 main_128_wSoCH_wTCoff_wRPGon_R3.o
                0x00001bfc                reload_big_wait_mid_oled
 .text.motor_tasks
                0x00001c30       0x34 main_128_wSoCH_wTCoff_wRPGon_R3.o
                0x00001c30                motor_tasks
 .text.controller_tasks
                0x00001c64       0x34 main_128_wSoCH_wTCoff_wRPGon_R3.o
                0x00001c64                controller_tasks
 .text.dcdc_tasks
                0x00001c98       0x34 main_128_wSoCH_wTCoff_wRPGon_R3.o
                0x00001c98                dcdc_tasks
 .text.bbox1_tasks
                0x00001ccc       0x34 main_128_wSoCH_wTCoff_wRPGon_R3.o
                0x00001ccc                bbox1_tasks
 .text.bbox2_tasks
                0x00001d00       0x34 main_128_wSoCH_wTCoff_wRPGon_R3.o
                0x00001d00                bbox2_tasks
 .text.ambient_tasks
                0x00001d34       0x34 main_128_wSoCH_wTCoff_wRPGon_R3.o
                0x00001d34                ambient_tasks
 .text.battery_tasks
                0x00001d68       0x34 main_128_wSoCH_wTCoff_wRPGon_R3.o
                0x00001d68                battery_tasks
 .text.temp_high_tasks
                0x00001d9c       0x34 main_128_wSoCH_wTCoff_wRPGon_R3.o
                0x00001d9c                temp_high_tasks
 .text.temp_low_tasks
                0x00001dd0       0x34 main_128_wSoCH_wTCoff_wRPGon_R3.o
                0x00001dd0                temp_low_tasks
 .text.lock_accel_pedal_slo
                0x00001e04     0x1b86 main_128_wSoCH_wTCoff_wRPGon_R3.o
                0x00001e04                lock_accel_pedal_slo
 .text.unlock_accel_pedal_slo
                0x0000398a     0x1b92 main_128_wSoCH_wTCoff_wRPGon_R3.o
                0x0000398a                unlock_accel_pedal_slo
 .text.pedal_lock_pwr_on
                0x0000551c       0x1a main_128_wSoCH_wTCoff_wRPGon_R3.o
                0x0000551c                pedal_lock_pwr_on
 .text.pedal_lock_pwr_off
                0x00005536       0x1a main_128_wSoCH_wTCoff_wRPGon_R3.o
                0x00005536                pedal_lock_pwr_off
 .text.soch_pwr_off
                0x00005550       0x1a main_128_wSoCH_wTCoff_wRPGon_R3.o
                0x00005550                soch_pwr_off
 .text.soch_pwr_on
                0x0000556a       0x1a main_128_wSoCH_wTCoff_wRPGon_R3.o
                0x0000556a                soch_pwr_on
 .text.TCA0_init
                0x00005584       0x54 main_128_wSoCH_wTCoff_wRPGon_R3.o
                0x00005584                TCA0_init
 .text.TCA0_stop
                0x000055d8       0x24 main_128_wSoCH_wTCoff_wRPGon_R3.o
                0x000055d8                TCA0_stop
 .text.__vector_9
                0x000055fc       0x8c main_128_wSoCH_wTCoff_wRPGon_R3.o
                0x000055fc                __vector_9
 .text.__vector_8
                0x00005688      0x1a6 main_128_wSoCH_wTCoff_wRPGon_R3.o
                0x00005688                __vector_8
 .text.__vector_45
                0x0000582e      0x5b6 main_128_wSoCH_wTCoff_wRPGon_R3.o
                0x0000582e                __vector_45
 .text.__vector_30
                0x00005de4        0x6 main_128_wSoCH_wTCoff_wRPGon_R3.o
                0x00005de4                __vector_30
 .text.__vector_46
                0x00005dea      0x2e4 main_128_wSoCH_wTCoff_wRPGon_R3.o
                0x00005dea                __vector_46
 .text.__vector_24
                0x000060ce       0x16 main_128_wSoCH_wTCoff_wRPGon_R3.o
                0x000060ce                __vector_24
 .text.load_133V_battery_voltage
                0x000060e4      0x33c main_128_wSoCH_wTCoff_wRPGon_R3.o
                0x000060e4                load_133V_battery_voltage
 .text.load_a12V_voltage
                0x00006420      0x33c main_128_wSoCH_wTCoff_wRPGon_R3.o
                0x00006420                load_a12V_voltage
 .text.load_a5V_voltage
                0x0000675c      0x2fc main_128_wSoCH_wTCoff_wRPGon_R3.o
                0x0000675c                load_a5V_voltage
 .text.__vector_62
                0x00006a58       0xca main_128_wSoCH_wTCoff_wRPGon_R3.o
                0x00006a58                __vector_62
 .text.USART5_sendChar
                0x00006b22       0x36 main_128_wSoCH_wTCoff_wRPGon_R3.o
                0x00006b22                USART5_sendChar
 .text.USART5_sendString
                0x00006b58       0x56 main_128_wSoCH_wTCoff_wRPGon_R3.o
                0x00006b58                USART5_sendString
 .text.USART5_readChar
                0x00006bae       0x24 main_128_wSoCH_wTCoff_wRPGon_R3.o
                0x00006bae                USART5_readChar
 .text.executeCommand
                0x00006bd2      0x12a main_128_wSoCH_wTCoff_wRPGon_R3.o
                0x00006bd2                executeCommand
 .text.main     0x00006cfc     0x419a main_128_wSoCH_wTCoff_wRPGon_R3.o
                0x00006cfc                main
 .text.get_133V_battery_voltage
                0x0000ae96      0x39e main_128_wSoCH_wTCoff_wRPGon_R3.o
                0x0000ae96                get_133V_battery_voltage
 .text.get_a12V_voltage
                0x0000b234      0x3a4 main_128_wSoCH_wTCoff_wRPGon_R3.o
                0x0000b234                get_a12V_voltage
 .text.get_a5V_voltage
                0x0000b5d8      0x352 main_128_wSoCH_wTCoff_wRPGon_R3.o
                0x0000b5d8                get_a5V_voltage
 .text.get_temps
                0x0000b92a       0x60 main_128_wSoCH_wTCoff_wRPGon_R3.o
                0x0000b92a                get_temps
 .text.get_adc_ntc10k
                0x0000b98a      0x186 main_128_wSoCH_wTCoff_wRPGon_R3.o
                0x0000b98a                get_adc_ntc10k
 .text.scale_temp_ntc10k
                0x0000bb10      0x16e main_128_wSoCH_wTCoff_wRPGon_R3.o
                0x0000bb10                scale_temp_ntc10k
 .text.scale_temps_array
                0x0000bc7e       0x64 main_128_wSoCH_wTCoff_wRPGon_R3.o
                0x0000bc7e                scale_temps_array
 .text.load_tmparray_display
                0x0000bce2       0x76 main_128_wSoCH_wTCoff_wRPGon_R3.o
                0x0000bce2                load_tmparray_display
 .text.dsp_ps_temp
                0x0000bd58      0x41e main_128_wSoCH_wTCoff_wRPGon_R3.o
                0x0000bd58                dsp_ps_temp
 .text.clr_tmp_dsp_area
                0x0000c176      0x124 main_128_wSoCH_wTCoff_wRPGon_R3.o
                0x0000c176                clr_tmp_dsp_area
 .text.avr-libc.fplib
                0x0000c29a        0xe c:/program files (x86)/atmel/studio/7.0/toolchain/avr8/avr8-gnu-toolchain/bin/../lib/gcc/avr/5.4.0/../../../../avr/lib/avrxmega4\libm.a(addsf3.o)
                0x0000c29a                __subsf3
                0x0000c29c                __addsf3
 .text.avr-libc.fplib
                0x0000c2a8       0xcc c:/program files (x86)/atmel/studio/7.0/toolchain/avr8/avr8-gnu-toolchain/bin/../lib/gcc/avr/5.4.0/../../../../avr/lib/avrxmega4\libm.a(addsf3x.o)
                0x0000c2ca                __addsf3x
 .text.avr-libc.fplib
                0x0000c374        0xa c:/program files (x86)/atmel/studio/7.0/toolchain/avr8/avr8-gnu-toolchain/bin/../lib/gcc/avr/5.4.0/../../../../avr/lib/avrxmega4\libm.a(cmpsf2.o)
                0x0000c374                __nesf2
                0x0000c374                __eqsf2
                0x0000c374                __cmpsf2
                0x0000c374                __ltsf2
                0x0000c374                __lesf2
 .text.avr-libc.fplib
                0x0000c37e        0x8 c:/program files (x86)/atmel/studio/7.0/toolchain/avr8/avr8-gnu-toolchain/bin/../lib/gcc/avr/5.4.0/../../../../avr/lib/avrxmega4\libm.a(divsf3.o)
                0x0000c37e                __divsf3
 .text.avr-libc.fplib
                0x0000c386       0xdc c:/program files (x86)/atmel/studio/7.0/toolchain/avr8/avr8-gnu-toolchain/bin/../lib/gcc/avr/5.4.0/../../../../avr/lib/avrxmega4\libm.a(divsf3x.o)
                0x0000c3a6                __divsf3x
                0x0000c3ac                __divsf3_pse
 .text.avr-libc.fplib
                0x0000c462       0x5e c:/program files (x86)/atmel/studio/7.0/toolchain/avr8/avr8-gnu-toolchain/bin/../lib/gcc/avr/5.4.0/../../../../avr/lib/avrxmega4\libm.a(fixunssfsi.o)
                0x0000c462                __fixunssfsi
 .text.avr-libc.fplib
                0x0000c4c0       0x7a c:/program files (x86)/atmel/studio/7.0/toolchain/avr8/avr8-gnu-toolchain/bin/../lib/gcc/avr/5.4.0/../../../../avr/lib/avrxmega4\libm.a(floatsisf.o)
                0x0000c4c0                __floatunsisf
                0x0000c4c4                __floatsisf
 .text.avr-libc.fplib
                0x0000c53a       0x48 c:/program files (x86)/atmel/studio/7.0/toolchain/avr8/avr8-gnu-toolchain/bin/../lib/gcc/avr/5.4.0/../../../../avr/lib/avrxmega4\libm.a(fp_cmp.o)
                0x0000c53a                __fp_cmp
 .text.avr-libc.fplib
                0x0000c582        0xc c:/program files (x86)/atmel/studio/7.0/toolchain/avr8/avr8-gnu-toolchain/bin/../lib/gcc/avr/5.4.0/../../../../avr/lib/avrxmega4\libm.a(fp_inf.o)
                0x0000c582                __fp_inf
 .text.avr-libc.fplib
                0x0000c58e        0x6 c:/program files (x86)/atmel/studio/7.0/toolchain/avr8/avr8-gnu-toolchain/bin/../lib/gcc/avr/5.4.0/../../../../avr/lib/avrxmega4\libm.a(fp_nan.o)
                0x0000c58e                __fp_nan
 .text.avr-libc.fplib
                0x0000c594        0xe c:/program files (x86)/atmel/studio/7.0/toolchain/avr8/avr8-gnu-toolchain/bin/../lib/gcc/avr/5.4.0/../../../../avr/lib/avrxmega4\libm.a(fp_pscA.o)
                0x0000c594                __fp_pscA
 .text.avr-libc.fplib
                0x0000c5a2        0xe c:/program files (x86)/atmel/studio/7.0/toolchain/avr8/avr8-gnu-toolchain/bin/../lib/gcc/avr/5.4.0/../../../../avr/lib/avrxmega4\libm.a(fp_pscB.o)
                0x0000c5a2                __fp_pscB
 .text.avr-libc.fplib
                0x0000c5b0       0x22 c:/program files (x86)/atmel/studio/7.0/toolchain/avr8/avr8-gnu-toolchain/bin/../lib/gcc/avr/5.4.0/../../../../avr/lib/avrxmega4\libm.a(fp_round.o)
                0x0000c5b0                __fp_round
 .text.avr-libc.fplib
                0x0000c5d2       0x44 c:/program files (x86)/atmel/studio/7.0/toolchain/avr8/avr8-gnu-toolchain/bin/../lib/gcc/avr/5.4.0/../../../../avr/lib/avrxmega4\libm.a(fp_split3.o)
                0x0000c5d2                __fp_split3
                0x0000c5e2                __fp_splitA
 .text.avr-libc.fplib
                0x0000c616        0xe c:/program files (x86)/atmel/studio/7.0/toolchain/avr8/avr8-gnu-toolchain/bin/../lib/gcc/avr/5.4.0/../../../../avr/lib/avrxmega4\libm.a(fp_zero.o)
                0x0000c616                __fp_zero
                0x0000c618                __fp_szero
 .text.avr-libc.fplib
                0x0000c624        0xa c:/program files (x86)/atmel/studio/7.0/toolchain/avr8/avr8-gnu-toolchain/bin/../lib/gcc/avr/5.4.0/../../../../avr/lib/avrxmega4\libm.a(gesf2.o)
                0x0000c624                __gesf2
                0x0000c624                __gtsf2
 .text.avr-libc.fplib
                0x0000c62e        0x8 c:/program files (x86)/atmel/studio/7.0/toolchain/avr8/avr8-gnu-toolchain/bin/../lib/gcc/avr/5.4.0/../../../../avr/lib/avrxmega4\libm.a(mulsf3.o)
                0x0000c62e                __mulsf3
 .text.avr-libc.fplib
                0x0000c636       0xd2 c:/program files (x86)/atmel/studio/7.0/toolchain/avr8/avr8-gnu-toolchain/bin/../lib/gcc/avr/5.4.0/../../../../avr/lib/avrxmega4\libm.a(mulsf3x.o)
                0x0000c654                __mulsf3x
                0x0000c65a                __mulsf3_pse
 .text.libgcc.mul
                0x0000c708       0x20 c:/program files (x86)/atmel/studio/7.0/toolchain/avr8/avr8-gnu-toolchain/bin/../lib/gcc/avr/5.4.0/avrxmega4\libgcc.a(_mulsi3.o)
                0x0000c708                __mulsi3
 .text.libgcc.div
                0x0000c728       0x28 c:/program files (x86)/atmel/studio/7.0/toolchain/avr8/avr8-gnu-toolchain/bin/../lib/gcc/avr/5.4.0/avrxmega4\libgcc.a(_divmodhi4.o)
                0x0000c728                _div
                0x0000c728                __divmodhi4
 .text.libgcc.div
                0x0000c750       0x44 c:/program files (x86)/atmel/studio/7.0/toolchain/avr8/avr8-gnu-toolchain/bin/../lib/gcc/avr/5.4.0/avrxmega4\libgcc.a(_udivmodsi4.o)
                0x0000c750                __udivmodsi4
 .text.libgcc.div
                0x0000c794       0x2e c:/program files (x86)/atmel/studio/7.0/toolchain/avr8/avr8-gnu-toolchain/bin/../lib/gcc/avr/5.4.0/avrxmega4\libgcc.a(_divmodsi4.o)
                0x0000c794                __divmodsi4
 .text.libgcc.div
                0x0000c7c2       0x10 c:/program files (x86)/atmel/studio/7.0/toolchain/avr8/avr8-gnu-toolchain/bin/../lib/gcc/avr/5.4.0/avrxmega4\libgcc.a(_negsi2.o)
                0x0000c7c2                __negsi2
 .text.libgcc.mul
                0x0000c7d2       0x1e c:/program files (x86)/atmel/studio/7.0/toolchain/avr8/avr8-gnu-toolchain/bin/../lib/gcc/avr/5.4.0/avrxmega4\libgcc.a(_umulhisi3.o)
                0x0000c7d2                __umulhisi3
 .text.libgcc.mul
                0x0000c7f0       0x16 c:/program files (x86)/atmel/studio/7.0/toolchain/avr8/avr8-gnu-toolchain/bin/../lib/gcc/avr/5.4.0/avrxmega4\libgcc.a(_muluhisi3.o)
                0x0000c7f0                __muluhisi3
 .text.libgcc.div
                0x0000c806       0x28 c:/program files (x86)/atmel/studio/7.0/toolchain/avr8/avr8-gnu-toolchain/bin/../lib/gcc/avr/5.4.0/avrxmega4\libgcc.a(_udivmodhi4.o)
                0x0000c806                __udivmodhi4
 .text.avr-libc
                0x0000c82e        0xe c:/program files (x86)/atmel/studio/7.0/toolchain/avr8/avr8-gnu-toolchain/bin/../lib/gcc/avr/5.4.0/../../../../avr/lib/avrxmega4\libc.a(memset.o)
                0x0000c82e                memset
 .text.avr-libc
                0x0000c83c       0x12 c:/program files (x86)/atmel/studio/7.0/toolchain/avr8/avr8-gnu-toolchain/bin/../lib/gcc/avr/5.4.0/../../../../avr/lib/avrxmega4\libc.a(strcmp.o)
                0x0000c83c                strcmp
 .text.avr-libc
                0x0000c84e       0x12 c:/program files (x86)/atmel/studio/7.0/toolchain/avr8/avr8-gnu-toolchain/bin/../lib/gcc/avr/5.4.0/../../../../avr/lib/avrxmega4\libc.a(strlen.o)
                0x0000c84e                strlen
 .text.avr-libc
                0x0000c860       0x52 c:/program files (x86)/atmel/studio/7.0/toolchain/avr8/avr8-gnu-toolchain/bin/../lib/gcc/avr/5.4.0/../../../../avr/lib/avrxmega4\libc.a(sprintf.o)
                0x0000c860                sprintf
 .text.avr-libc
                0x0000c8b2      0x408 c:/program files (x86)/atmel/studio/7.0/toolchain/avr8/avr8-gnu-toolchain/bin/../lib/gcc/avr/5.4.0/../../../../avr/lib/avrxmega4\libc.a(vfprintf_std.o)
                0x0000c8b2                vfprintf
 .text.avr-libc
                0x0000ccba       0x16 c:/program files (x86)/atmel/studio/7.0/toolchain/avr8/avr8-gnu-toolchain/bin/../lib/gcc/avr/5.4.0/../../../../avr/lib/avrxmega4\libc.a(strnlen_P.o)
                0x0000ccba                strnlen_P
 .text.avr-libc
                0x0000ccd0       0x16 c:/program files (x86)/atmel/studio/7.0/toolchain/avr8/avr8-gnu-toolchain/bin/../lib/gcc/avr/5.4.0/../../../../avr/lib/avrxmega4\libc.a(strnlen.o)
                0x0000ccd0                strnlen
 .text.avr-libc
                0x0000cce6       0x78 c:/program files (x86)/atmel/studio/7.0/toolchain/avr8/avr8-gnu-toolchain/bin/../lib/gcc/avr/5.4.0/../../../../avr/lib/avrxmega4\libc.a(fputc.o)
                0x0000cce6                fputc
 .text.avr-libc
                0x0000cd5e       0xbc c:/program files (x86)/atmel/studio/7.0/toolchain/avr8/avr8-gnu-toolchain/bin/../lib/gcc/avr/5.4.0/../../../../avr/lib/avrxmega4\libc.a(ultoa_invert.o)
                0x0000cd5e                __ultoa_invert
                0x0000ce1a                . = ALIGN (0x2)
 *(.fini9)
 .fini9         0x0000ce1a        0x0 c:/program files (x86)/atmel/studio/7.0/toolchain/avr8/avr8-gnu-toolchain/bin/../lib/gcc/avr/5.4.0/avrxmega4\libgcc.a(_exit.o)
                0x0000ce1a                _exit
                0x0000ce1a                exit
 *(.fini9)
 *(.fini8)
 *(.fini8)
 *(.fini7)
 *(.fini7)
 *(.fini6)
 *(.fini6)
 *(.fini5)
 *(.fini5)
 *(.fini4)
 *(.fini4)
 *(.fini3)
 *(.fini3)
 *(.fini2)
 *(.fini2)
 *(.fini1)
 *(.fini1)
 *(.fini0)
 .fini0         0x0000ce1a        0x4 c:/program files (x86)/atmel/studio/7.0/toolchain/avr8/avr8-gnu-toolchain/bin/../lib/gcc/avr/5.4.0/avrxmega4\libgcc.a(_exit.o)
 *(.fini0)
                0x0000ce1e                _etext = .

.data           0x00804000      0x2b2 load address 0x0000ce1e
                0x00804000                PROVIDE (__data_start, .)
 *(.data)
 *(.data*)
 .data.pack_voltage_array
                0x00804000       0x10 main_128_wSoCH_wTCoff_wRPGon_R3.o
                0x00804000                pack_voltage_array
 .data.pack_current_array
                0x00804010       0x10 main_128_wSoCH_wTCoff_wRPGon_R3.o
                0x00804010                pack_current_array
 .data.pack_soc_array
                0x00804020       0x10 main_128_wSoCH_wTCoff_wRPGon_R3.o
                0x00804020                pack_soc_array
 .data.pack_kwh_array
                0x00804030       0x10 main_128_wSoCH_wTCoff_wRPGon_R3.o
                0x00804030                pack_kwh_array
 .data.state_num
                0x00804040        0x1 main_128_wSoCH_wTCoff_wRPGon_R3.o
                0x00804040                state_num
 .data.contrast_level
                0x00804041        0x1 main_128_wSoCH_wTCoff_wRPGon_R3.o
                0x00804041                contrast_level
 *(.gnu.linkonce.d*)
 *(.rodata)
 .rodata        0x00804042       0x14 main_128_wSoCH_wTCoff_wRPGon_R3.o
 *(.rodata*)
 .rodata.oled_drw_vline_mid
                0x00804056        0xe main_128_wSoCH_wTCoff_wRPGon_R3.o
                0x00804056                oled_drw_vline_mid
 .rodata.oled_drw_hline_lo
                0x00804064        0xe main_128_wSoCH_wTCoff_wRPGon_R3.o
                0x00804064                oled_drw_hline_lo
 .rodata.oled_drw_line_bottom
                0x00804072        0xe main_128_wSoCH_wTCoff_wRPGon_R3.o
                0x00804072                oled_drw_line_bottom
 .rodata.oled_drw_line_bottom2
                0x00804080        0xe main_128_wSoCH_wTCoff_wRPGon_R3.o
                0x00804080                oled_drw_line_bottom2
 .rodata.oled_drw_line_bottom3
                0x0080408e        0xe main_128_wSoCH_wTCoff_wRPGon_R3.o
                0x0080408e                oled_drw_line_bottom3
 .rodata.oled_drw_line_lo
                0x0080409c        0xe main_128_wSoCH_wTCoff_wRPGon_R3.o
                0x0080409c                oled_drw_line_lo
 .rodata.oled_drw_line_hi2
                0x008040aa        0xe main_128_wSoCH_wTCoff_wRPGon_R3.o
                0x008040aa                oled_drw_line_hi2
 .rodata.oled_drw_line_top
                0x008040b8        0xe main_128_wSoCH_wTCoff_wRPGon_R3.o
                0x008040b8                oled_drw_line_top
 .rodata.oled_drw_line_top2
                0x008040c6        0xe main_128_wSoCH_wTCoff_wRPGon_R3.o
                0x008040c6                oled_drw_line_top2
 .rodata.oled_drw_line_top3
                0x008040d4        0xe main_128_wSoCH_wTCoff_wRPGon_R3.o
                0x008040d4                oled_drw_line_top3
 .rodata.oled_setxt_height_talltall
                0x008040e2        0x6 main_128_wSoCH_wTCoff_wRPGon_R3.o
                0x008040e2                oled_setxt_height_talltall
 .rodata.oled_setxt_height_tall
                0x008040e8        0x6 main_128_wSoCH_wTCoff_wRPGon_R3.o
                0x008040e8                oled_setxt_height_tall
 .rodata.oled_setxt_height
                0x008040ee        0x6 main_128_wSoCH_wTCoff_wRPGon_R3.o
                0x008040ee                oled_setxt_height
 .rodata.oled_setxt_height_med
                0x008040f4        0x6 main_128_wSoCH_wTCoff_wRPGon_R3.o
                0x008040f4                oled_setxt_height_med
 .rodata.oled_setxt_height_sml
                0x008040fa        0x6 main_128_wSoCH_wTCoff_wRPGon_R3.o
                0x008040fa                oled_setxt_height_sml
 .rodata.oled_setxt_width_narrow
                0x00804100        0x6 main_128_wSoCH_wTCoff_wRPGon_R3.o
                0x00804100                oled_setxt_width_narrow
 .rodata.oled_setxt_width
                0x00804106        0x6 main_128_wSoCH_wTCoff_wRPGon_R3.o
                0x00804106                oled_setxt_width
 .rodata.oled_setxt_width_wide3
                0x0080410c        0x6 main_128_wSoCH_wTCoff_wRPGon_R3.o
                0x0080410c                oled_setxt_width_wide3
 .rodata.oled_setxt_width_wide4
                0x00804112        0x6 main_128_wSoCH_wTCoff_wRPGon_R3.o
                0x00804112                oled_setxt_width_wide4
 .rodata.oled_setxt_FG_colorORGRED
                0x00804118        0x6 main_128_wSoCH_wTCoff_wRPGon_R3.o
                0x00804118                oled_setxt_FG_colorORGRED
 .rodata.oled_setxt_FG_colorWHT
                0x0080411e        0x6 main_128_wSoCH_wTCoff_wRPGon_R3.o
                0x0080411e                oled_setxt_FG_colorWHT
 .rodata.Wait1  0x00804124        0x7 main_128_wSoCH_wTCoff_wRPGon_R3.o
                0x00804124                Wait1
 .rodata.DontPress
                0x0080412b        0xd main_128_wSoCH_wTCoff_wRPGon_R3.o
                0x0080412b                DontPress
 .rodata.Accel  0x00804138        0xd main_128_wSoCH_wTCoff_wRPGon_R3.o
                0x00804138                Accel
 .rodata.Running
                0x00804145        0xc main_128_wSoCH_wTCoff_wRPGon_R3.o
                0x00804145                Running
 .rodata.DIAGNOSTIC
                0x00804151        0xc main_128_wSoCH_wTCoff_wRPGon_R3.o
                0x00804151                DIAGNOSTIC
 .rodata.Checks
                0x0080415d        0xc main_128_wSoCH_wTCoff_wRPGon_R3.o
                0x0080415d                Checks
 .rodata.Soc_kWh
                0x00804169        0xb main_128_wSoCH_wTCoff_wRPGon_R3.o
                0x00804169                Soc_kWh
 .rodata.ClrTextArea
                0x00804174        0xc main_128_wSoCH_wTCoff_wRPGon_R3.o
                0x00804174                ClrTextArea
 .rodata.ClrTextArea2
                0x00804180        0xd main_128_wSoCH_wTCoff_wRPGon_R3.o
                0x00804180                ClrTextArea2
 .rodata.ClrTextAreaShort
                0x0080418d        0x9 main_128_wSoCH_wTCoff_wRPGon_R3.o
                0x0080418d                ClrTextAreaShort
 .rodata.ClrWait
                0x00804196        0x8 main_128_wSoCH_wTCoff_wRPGon_R3.o
                0x00804196                ClrWait
 .rodata.blnk_strng
                0x0080419e        0xc main_128_wSoCH_wTCoff_wRPGon_R3.o
                0x0080419e                blnk_strng
 .rodata.Fasten
                0x008041aa        0xc main_128_wSoCH_wTCoff_wRPGon_R3.o
                0x008041aa                Fasten
 .rodata.SeatBelts
                0x008041b6        0xc main_128_wSoCH_wTCoff_wRPGon_R3.o
                0x008041b6                SeatBelts
 .rodata.Powering
                0x008041c2        0xc main_128_wSoCH_wTCoff_wRPGon_R3.o
                0x008041c2                Powering
 .rodata.Vehicle
                0x008041ce        0xb main_128_wSoCH_wTCoff_wRPGon_R3.o
                0x008041ce                Vehicle
 .rodata.Motor  0x008041d9        0xb main_128_wSoCH_wTCoff_wRPGon_R3.o
                0x008041d9                Motor
 .rodata.Control
                0x008041e4        0xb main_128_wSoCH_wTCoff_wRPGon_R3.o
                0x008041e4                Control
 .rodata.DCDC   0x008041ef        0xb main_128_wSoCH_wTCoff_wRPGon_R3.o
                0x008041ef                DCDC
 .rodata.BBox1  0x008041fa        0xc main_128_wSoCH_wTCoff_wRPGon_R3.o
                0x008041fa                BBox1
 .rodata.BBox2  0x00804206        0xb main_128_wSoCH_wTCoff_wRPGon_R3.o
                0x00804206                BBox2
 .rodata.Ambient
                0x00804211        0xb main_128_wSoCH_wTCoff_wRPGon_R3.o
                0x00804211                Ambient
 .rodata.Battery
                0x0080421c        0xb main_128_wSoCH_wTCoff_wRPGon_R3.o
                0x0080421c                Battery
 .rodata.High   0x00804227        0x9 main_128_wSoCH_wTCoff_wRPGon_R3.o
                0x00804227                High
 .rodata.Low    0x00804230        0x9 main_128_wSoCH_wTCoff_wRPGon_R3.o
                0x00804230                Low
 .rodata.get_pack_voltage
                0x00804239        0x6 main_128_wSoCH_wTCoff_wRPGon_R3.o
                0x00804239                get_pack_voltage
 .rodata.get_pack_current
                0x0080423f        0x6 main_128_wSoCH_wTCoff_wRPGon_R3.o
                0x0080423f                get_pack_current
 .rodata.get_pack_soc
                0x00804245        0x6 main_128_wSoCH_wTCoff_wRPGon_R3.o
                0x00804245                get_pack_soc
 .rodata.get_watthours_soc
                0x0080424b        0x6 main_128_wSoCH_wTCoff_wRPGon_R3.o
                0x0080424b                get_watthours_soc
 .rodata.soc_reset
                0x00804251        0x6 main_128_wSoCH_wTCoff_wRPGon_R3.o
                0x00804251                soc_reset
 .rodata.soch_verify_command
                0x00804257        0x7 main_128_wSoCH_wTCoff_wRPGon_R3.o
                0x00804257                soch_verify_command
 .rodata.interp_tbl
                0x0080425e       0x54 main_128_wSoCH_wTCoff_wRPGon_R3.o
                0x0080425e                interp_tbl
 *(.gnu.linkonce.r*)
                0x008042b2                . = ALIGN (0x2)
                0x008042b2                _edata = .
                0x008042b2                PROVIDE (__data_end, .)

.bss            0x008042b2       0x98
                0x008042b2                PROVIDE (__bss_start, .)
 *(.bss)
 *(.bss*)
 .bss.current_temps_array
                0x008042b2        0xc main_128_wSoCH_wTCoff_wRPGon_R3.o
                0x008042b2                current_temps_array
 .bss.scaled_temps_array
                0x008042be        0xc main_128_wSoCH_wTCoff_wRPGon_R3.o
                0x008042be                scaled_temps_array
 .bss.to_counter
                0x008042ca        0x2 main_128_wSoCH_wTCoff_wRPGon_R3.o
                0x008042ca                to_counter
 .bss.top_state_num
                0x008042cc        0x1 main_128_wSoCH_wTCoff_wRPGon_R3.o
                0x008042cc                top_state_num
 .bss.temp_port_image
                0x008042cd        0x1 main_128_wSoCH_wTCoff_wRPGon_R3.o
                0x008042cd                temp_port_image
 .bss.first_time
                0x008042ce        0x1 main_128_wSoCH_wTCoff_wRPGon_R3.o
                0x008042ce                first_time
 .bss.rpg_on_flag
                0x008042cf        0x1 main_128_wSoCH_wTCoff_wRPGon_R3.o
                0x008042cf                rpg_on_flag
 .bss.dsp_mode_flag
                0x008042d0        0x1 main_128_wSoCH_wTCoff_wRPGon_R3.o
                0x008042d0                dsp_mode_flag
 .bss.mode_changed
                0x008042d1        0x1 main_128_wSoCH_wTCoff_wRPGon_R3.o
                0x008042d1                mode_changed
 .bss.mode_switch_counter
                0x008042d2        0x1 main_128_wSoCH_wTCoff_wRPGon_R3.o
                0x008042d2                mode_switch_counter
 .bss.direction_flag
                0x008042d3        0x1 main_128_wSoCH_wTCoff_wRPGon_R3.o
                0x008042d3                direction_flag
 .bss.current_state
                0x008042d4        0x2 main_128_wSoCH_wTCoff_wRPGon_R3.o
                0x008042d4                current_state
 .bss.receive_word
                0x008042d6        0x2 main_128_wSoCH_wTCoff_wRPGon_R3.o
                0x008042d6                receive_word
 .bss.PORTA_image
                0x008042d8        0x1 main_128_wSoCH_wTCoff_wRPGon_R3.o
                0x008042d8                PORTA_image
 .bss.portB_image
                0x008042d9        0x1 main_128_wSoCH_wTCoff_wRPGon_R3.o
                0x008042d9                portB_image
 .bss.PORTC_image
                0x008042da        0x1 main_128_wSoCH_wTCoff_wRPGon_R3.o
                0x008042da                PORTC_image
 .bss.PORTE_image
                0x008042db        0x1 main_128_wSoCH_wTCoff_wRPGon_R3.o
                0x008042db                PORTE_image
 .bss.new_dsp_mode_sw_val
                0x008042dc        0x1 main_128_wSoCH_wTCoff_wRPGon_R3.o
                0x008042dc                new_dsp_mode_sw_val
 .bss.channel_d3_d2
                0x008042dd        0x1 main_128_wSoCH_wTCoff_wRPGon_R3.o
                0x008042dd                channel_d3_d2
 .bss.timeout_counter
                0x008042de        0x1 main_128_wSoCH_wTCoff_wRPGon_R3.o
                0x008042de                timeout_counter
 .bss.ambient_active
                0x008042df        0x1 main_128_wSoCH_wTCoff_wRPGon_R3.o
                0x008042df                ambient_active
 .bss.interrupted_state
                0x008042e0        0x2 main_128_wSoCH_wTCoff_wRPGon_R3.o
                0x008042e0                interrupted_state
 .bss.soch_offline_flag
                0x008042e2        0x1 main_128_wSoCH_wTCoff_wRPGon_R3.o
                0x008042e2                soch_offline_flag
 .bss.dig_cnt   0x008042e3        0x2 main_128_wSoCH_wTCoff_wRPGon_R3.o
 .bss.sign      0x008042e5        0x1 main_128_wSoCH_wTCoff_wRPGon_R3.o
 .bss.cmd_index
                0x008042e6        0x1 main_128_wSoCH_wTCoff_wRPGon_R3.o
                0x008042e6                cmd_index
 .bss.current_sign.5660
                0x008042e7        0x1 main_128_wSoCH_wTCoff_wRPGon_R3.o
 .bss.need_neg_sign.5661
                0x008042e8        0x1 main_128_wSoCH_wTCoff_wRPGon_R3.o
 .bss.current_digit_cnt.5659
                0x008042e9        0x2 main_128_wSoCH_wTCoff_wRPGon_R3.o
 *(COMMON)
 COMMON         0x008042eb       0x5f main_128_wSoCH_wTCoff_wRPGon_R3.o
                0x008042eb                aux12_tenths
                0x008042ed                contrast_oldval
                0x008042ee                aux5_hundredths
                0x008042f0                accy133_tens
                0x008042f2                aux12_hundredths
                0x008042f4                oled1_NAK_flag
                0x008042f5                evim_state_active_flag
                0x008042f6                oled3_busy_flag
                0x008042f7                serial_command_byte
                0x008042f8                standby_state_active_flag
                0x008042f9                first_response_char
                0x008042fa                dly_val
                0x008042fc                command
                0x0080432e                aux5_units
                0x00804330                accy133_hundredths
                0x00804332                aux5_tenths
                0x00804334                i
                0x00804335                accy133_tenths
                0x00804337                aux12_tens
                0x00804339                c
                0x0080433a                warm_restart_flag
                0x0080433b                aux5_tens
                0x0080433d                charge_cycle_active_flag
                0x0080433e                aux12_units
                0x00804340                count
                0x00804341                dsp_mode_sw_val
                0x00804342                oled2_NAK_flag
                0x00804343                oled1_busy_flag
                0x00804344                portB_image_old
                0x00804345                accy133_units
                0x00804347                tailite_flag
                0x00804348                oled2_busy_flag
                0x00804349                oled3_NAK_flag
                0x0080434a                PROVIDE (__bss_end, .)
                0x0000ce1e                __data_load_start = LOADADDR (.data)
                0x0000d0d0                __data_load_end = (__data_load_start + SIZEOF (.data))

.noinit         0x0080434a        0x0
                [!provide]                PROVIDE (__noinit_start, .)
 *(.noinit*)
                [!provide]                PROVIDE (__noinit_end, .)
                0x0080434a                _end = .
                [!provide]                PROVIDE (__heap_start, .)

.eeprom         0x00810000        0x0
 *(.eeprom*)
                0x00810000                __eeprom_end = .

.fuse
 *(.fuse)
 *(.lfuse)
 *(.hfuse)
 *(.efuse)

.lock
 *(.lock*)

.signature
 *(.signature*)

.user_signatures
 *(.user_signatures*)

.stab
 *(.stab)

.stabstr
 *(.stabstr)

.stab.excl
 *(.stab.excl)

.stab.exclstr
 *(.stab.exclstr)

.stab.index
 *(.stab.index)

.stab.indexstr
 *(.stab.indexstr)

.comment        0x00000000       0x5c
 *(.comment)
 .comment       0x00000000       0x30 main_128_wSoCH_wTCoff_wRPGon_R3.o
                                 0x31 (size before relaxing)
 .comment       0x00000030       0x31 c:/program files (x86)/atmel/studio/7.0/toolchain/avr8/avr8-gnu-toolchain/bin/../lib/gcc/avr/5.4.0/../../../../avr/lib/avrxmega4\libc.a(sprintf.o)
 .comment       0x00000030       0x2c c:/program files (x86)/atmel/studio/7.0/toolchain/avr8/avr8-gnu-toolchain/bin/../lib/gcc/avr/5.4.0/../../../../avr/lib/avrxmega4\libc.a(vfprintf_std.o)
                                 0x2d (size before relaxing)
 .comment       0x0000005c       0x31 c:/program files (x86)/atmel/studio/7.0/toolchain/avr8/avr8-gnu-toolchain/bin/../lib/gcc/avr/5.4.0/../../../../avr/lib/avrxmega4\libc.a(fputc.o)

.note.gnu.avr.deviceinfo
                0x00000000       0x40
 .note.gnu.avr.deviceinfo
                0x00000000       0x40 C:/Program Files (x86)/Atmel/Studio/7.0/Packs/atmel/AVR-Dx_DFP/1.10.114/gcc/dev/avr128db64/avrxmega4/crtavr128db64.o

.note.gnu.build-id
 *(.note.gnu.build-id)

.debug
 *(.debug)

.line
 *(.line)

.debug_srcinfo
 *(.debug_srcinfo)

.debug_sfnames
 *(.debug_sfnames)

.debug_aranges  0x00000000      0x2f8
 *(.debug_aranges)
 .debug_aranges
                0x00000000       0x20 fclk_set_8mhz_asm.o
 .debug_aranges
                0x00000020      0x2d8 main_128_wSoCH_wTCoff_wRPGon_R3.o

.debug_pubnames
 *(.debug_pubnames)

.debug_info     0x00000000     0x8bfd
 *(.debug_info .gnu.linkonce.wi.*)
 .debug_info    0x00000000     0x3357 C:/Program Files (x86)/Atmel/Studio/7.0/Packs/atmel/AVR-Dx_DFP/1.10.114/gcc/dev/avr128db64/avrxmega4/crtavr128db64.o
 .debug_info    0x00003357       0x7d fclk_set_8mhz_asm.o
 .debug_info    0x000033d4     0x5829 main_128_wSoCH_wTCoff_wRPGon_R3.o

.debug_abbrev   0x00000000     0x34ec
 *(.debug_abbrev)
 .debug_abbrev  0x00000000     0x30a0 C:/Program Files (x86)/Atmel/Studio/7.0/Packs/atmel/AVR-Dx_DFP/1.10.114/gcc/dev/avr128db64/avrxmega4/crtavr128db64.o
 .debug_abbrev  0x000030a0       0x14 fclk_set_8mhz_asm.o
 .debug_abbrev  0x000030b4      0x438 main_128_wSoCH_wTCoff_wRPGon_R3.o

.debug_line     0x00000000     0x540f
 *(.debug_line .debug_line.* .debug_line_end)
 .debug_line    0x00000000      0x21d C:/Program Files (x86)/Atmel/Studio/7.0/Packs/atmel/AVR-Dx_DFP/1.10.114/gcc/dev/avr128db64/avrxmega4/crtavr128db64.o
 .debug_line    0x0000021d       0x5e fclk_set_8mhz_asm.o
 .debug_line    0x0000027b     0x5194 main_128_wSoCH_wTCoff_wRPGon_R3.o

.debug_frame    0x00000000      0xc6c
 *(.debug_frame)
 .debug_frame   0x00000000      0xc6c main_128_wSoCH_wTCoff_wRPGon_R3.o

.debug_str      0x00000000     0x30fd
 *(.debug_str)
 .debug_str     0x00000000     0x169e C:/Program Files (x86)/Atmel/Studio/7.0/Packs/atmel/AVR-Dx_DFP/1.10.114/gcc/dev/avr128db64/avrxmega4/crtavr128db64.o
 .debug_str     0x0000169e     0x1a5f main_128_wSoCH_wTCoff_wRPGon_R3.o
                               0x1b33 (size before relaxing)

.debug_loc      0x00000000     0x1a48
 *(.debug_loc)
 .debug_loc     0x00000000     0x1a48 main_128_wSoCH_wTCoff_wRPGon_R3.o

.debug_macinfo
 *(.debug_macinfo)

.debug_weaknames
 *(.debug_weaknames)

.debug_funcnames
 *(.debug_funcnames)

.debug_typenames
 *(.debug_typenames)

.debug_varnames
 *(.debug_varnames)

.debug_pubtypes
 *(.debug_pubtypes)

.debug_ranges   0x00000000      0x2f8
 *(.debug_ranges)
 .debug_ranges  0x00000000      0x2f8 main_128_wSoCH_wTCoff_wRPGon_R3.o

.debug_macro
 *(.debug_macro)
OUTPUT(WMOS_AVR_Code.elf elf32-avr)
LOAD linker stubs
