Archive member included to satisfy reference by file (symbol)

c:/program files (x86)/atmel/studio/7.0/toolchain/avr8/avr8-gnu-toolchain/bin/../lib/gcc/avr/5.4.0/../../../../avr/lib/avrxmega4\libm.a(addsf3.o)
                              main_128_wSoCH_wTCoff_wRPGon_R3.o (__addsf3)
c:/program files (x86)/atmel/studio/7.0/toolchain/avr8/avr8-gnu-toolchain/bin/../lib/gcc/avr/5.4.0/../../../../avr/lib/avrxmega4\libm.a(addsf3x.o)
                              c:/program files (x86)/atmel/studio/7.0/toolchain/avr8/avr8-gnu-toolchain/bin/../lib/gcc/avr/5.4.0/../../../../avr/lib/avrxmega4\libm.a(addsf3.o) (__addsf3x)
c:/program files (x86)/atmel/studio/7.0/toolchain/avr8/avr8-gnu-toolchain/bin/../lib/gcc/avr/5.4.0/../../../../avr/lib/avrxmega4\libm.a(cmpsf2.o)
                              main_128_wSoCH_wTCoff_wRPGon_R3.o (__ltsf2)
c:/program files (x86)/atmel/studio/7.0/toolchain/avr8/avr8-gnu-toolchain/bin/../lib/gcc/avr/5.4.0/../../../../avr/lib/avrxmega4\libm.a(divsf3.o)
                              main_128_wSoCH_wTCoff_wRPGon_R3.o (__divsf3)
c:/program files (x86)/atmel/studio/7.0/toolchain/avr8/avr8-gnu-toolchain/bin/../lib/gcc/avr/5.4.0/../../../../avr/lib/avrxmega4\libm.a(divsf3x.o)
                              c:/program files (x86)/atmel/studio/7.0/toolchain/avr8/avr8-gnu-toolchain/bin/../lib/gcc/avr/5.4.0/../../../../avr/lib/avrxmega4\libm.a(divsf3.o) (__divsf3x)
c:/program files (x86)/atmel/studio/7.0/toolchain/avr8/avr8-gnu-toolchain/bin/../lib/gcc/avr/5.4.0/../../../../avr/lib/avrxmega4\libm.a(fixunssfsi.o)
                              main_128_wSoCH_wTCoff_wRPGon_R3.o (__fixunssfsi)
c:/program files (x86)/atmel/studio/7.0/toolchain/avr8/avr8-gnu-toolchain/bin/../lib/gcc/avr/5.4.0/../../../../avr/lib/avrxmega4\libm.a(floatsisf.o)
                              main_128_wSoCH_wTCoff_wRPGon_R3.o (__floatunsisf)
c:/program files (x86)/atmel/studio/7.0/toolchain/avr8/avr8-gnu-toolchain/bin/../lib/gcc/avr/5.4.0/../../../../avr/lib/avrxmega4\libm.a(fp_cmp.o)
                              c:/program files (x86)/atmel/studio/7.0/toolchain/avr8/avr8-gnu-toolchain/bin/../lib/gcc/avr/5.4.0/../../../../avr/lib/avrxmega4\libm.a(cmpsf2.o) (__fp_cmp)
c:/program files (x86)/atmel/studio/7.0/toolchain/avr8/avr8-gnu-toolchain/bin/../lib/gcc/avr/5.4.0/../../../../avr/lib/avrxmega4\libm.a(fp_inf.o)
                              c:/program files (x86)/atmel/studio/7.0/toolchain/avr8/avr8-gnu-toolchain/bin/../lib/gcc/avr/5.4.0/../../../../avr/lib/avrxmega4\libm.a(addsf3x.o) (__fp_inf)
c:/program files (x86)/atmel/studio/7.0/toolchain/avr8/avr8-gnu-toolchain/bin/../lib/gcc/avr/5.4.0/../../../../avr/lib/avrxmega4\libm.a(fp_nan.o)
                              c:/program files (x86)/atmel/studio/7.0/toolchain/avr8/avr8-gnu-toolchain/bin/../lib/gcc/avr/5.4.0/../../../../avr/lib/avrxmega4\libm.a(addsf3x.o) (__fp_nan)
c:/program files (x86)/atmel/studio/7.0/toolchain/avr8/avr8-gnu-toolchain/bin/../lib/gcc/avr/5.4.0/../../../../avr/lib/avrxmega4\libm.a(fp_pscA.o)
                              c:/program files (x86)/atmel/studio/7.0/toolchain/avr8/avr8-gnu-toolchain/bin/../lib/gcc/avr/5.4.0/../../../../avr/lib/avrxmega4\libm.a(addsf3x.o) (__fp_pscA)
c:/program files (x86)/atmel/studio/7.0/toolchain/avr8/avr8-gnu-toolchain/bin/../lib/gcc/avr/5.4.0/../../../../avr/lib/avrxmega4\libm.a(fp_pscB.o)
                              c:/program files (x86)/atmel/studio/7.0/toolchain/avr8/avr8-gnu-toolchain/bin/../lib/gcc/avr/5.4.0/../../../../avr/lib/avrxmega4\libm.a(addsf3x.o) (__fp_pscB)
c:/program files (x86)/atmel/studio/7.0/toolchain/avr8/avr8-gnu-toolchain/bin/../lib/gcc/avr/5.4.0/../../../../avr/lib/avrxmega4\libm.a(fp_round.o)
                              c:/program files (x86)/atmel/studio/7.0/toolchain/avr8/avr8-gnu-toolchain/bin/../lib/gcc/avr/5.4.0/../../../../avr/lib/avrxmega4\libm.a(addsf3.o) (__fp_round)
c:/program files (x86)/atmel/studio/7.0/toolchain/avr8/avr8-gnu-toolchain/bin/../lib/gcc/avr/5.4.0/../../../../avr/lib/avrxmega4\libm.a(fp_split3.o)
                              c:/program files (x86)/atmel/studio/7.0/toolchain/avr8/avr8-gnu-toolchain/bin/../lib/gcc/avr/5.4.0/../../../../avr/lib/avrxmega4\libm.a(addsf3x.o) (__fp_split3)
c:/program files (x86)/atmel/studio/7.0/toolchain/avr8/avr8-gnu-toolchain/bin/../lib/gcc/avr/5.4.0/../../../../avr/lib/avrxmega4\libm.a(fp_zero.o)
                              c:/program files (x86)/atmel/studio/7.0/toolchain/avr8/avr8-gnu-toolchain/bin/../lib/gcc/avr/5.4.0/../../../../avr/lib/avrxmega4\libm.a(addsf3x.o) (__fp_zero)
c:/program files (x86)/atmel/studio/7.0/toolchain/avr8/avr8-gnu-toolchain/bin/../lib/gcc/avr/5.4.0/../../../../avr/lib/avrxmega4\libm.a(gesf2.o)
                              main_128_wSoCH_wTCoff_wRPGon_R3.o (__gtsf2)
c:/program files (x86)/atmel/studio/7.0/toolchain/avr8/avr8-gnu-toolchain/bin/../lib/gcc/avr/5.4.0/../../../../avr/lib/avrxmega4\libm.a(mulsf3.o)
[...]
Memory Configuration

Name             Origin             Length             Attributes
text             0x00000000         0x00020000         xr
data             0x00804000         0x00004000         rw !x
eeprom           0x00810000         0x00000200         rw !x
fuse             0x00820000         0x00000010         rw !x
lock             0x00830000         0x00000400         rw !x
signature        0x00840000         0x00000400         rw !x
user_signatures  0x00850000         0x00000400         rw !x
*default*        0x00000000         0xffffffff

Linker script and memory map

Address of section .data set to 0x804000
                0x00008000                __RODATA_PM_OFFSET__ = 0x8000
LOAD C:/Program Files (x86)/Atmel/Studio/7.0/Packs/atmel/AVR-Dx_DFP/1.10.114/gcc/dev/avr128db64/avrxmega4/crtavr128db64.o
LOAD fclk_set_8mhz_asm.o
LOAD main_128_wSoCH_wTCoff_wRPGon_R3.o
START GROUP
LOAD c:/program files (x86)/atmel/studio/7.0/toolchain/avr8/avr8-gnu-toolchain/bin/../lib/gcc/avr/5.4.0/../../../../avr/lib/avrxmega4\libm.a
END GROUP
START GROUP
LOAD c:/program files (x86)/atmel/studio/7.0/toolchain/avr8/avr8-gnu-toolchain/bin/../lib/gcc/avr/5.4.0/avrxmega4\libgcc.a
LOAD c:/program files (x86)/atmel/studio/7.0/toolchain/avr8/avr8-gnu-toolchain/bin/../lib/gcc/avr/5.4.0/../../../../avr/lib/avrxmega4\libm.a
LOAD c:/program files (x86)/atmel/studio/7.0/toolchain/avr8/avr8-gnu-toolchain/bin/../lib/gcc/avr/5.4.0/../../../../avr/lib/avrxmega4\libc.a
LOAD C:/Program Files (x86)/Atmel/Studio/7.0/Packs/atmel/AVR-Dx_DFP/1.10.114/gcc/dev/avr128db64/avrxmega4\libavr128db64.a
END GROUP
                [0x00000000]                __TEXT_REGION_ORIGIN__ = DEFINED (__TEXT_REGION_ORIGIN__)?__TEXT_REGION_ORIGIN__:0x0
                [0x00804000]                __DATA_REGION_ORIGIN__ = DEFINED (__DATA_REGION_ORIGIN__)?__DATA_REGION_ORIGIN__:0x802000
                [0x00020000]                __TEXT_REGION_LENGTH__ = DEFINED (__TEXT_REGION_LENGTH__)?__TEXT_REGION_LENGTH__:0x100000
                [0x00004000]                __DATA_REGION_LENGTH__ = DEFINED (__DATA_REGION_LENGTH__)?__DATA_REGION_LENGTH__:0xffa0
                [0x00000200]                __EEPROM_REGION_LENGTH__ = DEFINED (__EEPROM_REGION_LENGTH__)?__EEPROM_REGION_LENGTH__:0x10000
                [0x00000010]                __FUSE_REGION_LENGTH__ = DEFINED (__FUSE_REGION_LENGTH__)?__FUSE_REGION_LENGTH__:0x400
                0x00000400                __LOCK_REGION_LENGTH__ = DEFINED (__LOCK_REGION_LENGTH__)?__LOCK_REGION_LENGTH__:0x400
                0x00000400                __SIGNATURE_REGION_LENGTH__ = DEFINED (__SIGNATURE_REGION_LENGTH__)?__SIGNATURE_REGION_LENGTH__:0x400
                0x00000400                __USER_SIGNATURE_REGION_LENGTH__ = DEFINED (__USER_SIGNATURE_REGION_LENGTH__)?__USER_SIGNATURE_REGION_LENGTH__:0x400

.hash
 *(.hash)

.dynsym
 *(.dynsym)

.dynstr
 *(.dynstr)

.gnu.version
 *(.gnu.version)

.gnu.version_d
 *(.gnu.version_d)

.gnu.version_r
 *(.gnu.version_r)

.rel.init
 *(.rel.init)

.rela.init
 *(.rela.init)

.rel.text
 *(.rel.text)
 *(.rel.text.*)
 *(.rel.gnu.linkonce.t*)

.rela.text
 *(.rela.text)
 *(.rela.text.*)
 *(.rela.gnu.linkonce.t*)

.rel.fini
 *(.rel.fini)

.rela.fini
 *(.rela.fini)

.rel.rodata
 *(.rel.rodata)
 *(.rel.rodata.*)
 *(.rel.gnu.linkonce.r*)

.rela.rodata
 *(.rela.rodata)
 *(.rela.rodata.*)
 *(.rela.gnu.linkonce.r*)

.rel.data
 *(.rel.data)
 *(.rel.data.*)
 *(.rel.gnu.linkonce.d*)

.rela.data
 *(.rela.data)
 *(.rela.data.*)
 *(.rela.gnu.linkonce.d*)

.rel.ctors
 *(.rel.ctors)

.rela.ctors
 *(.rela.ctors)

.rel.dtors
 *(.rel.dtors)

.rela.dtors
 *(.rela.dtors)

.rel.got
 *(.rel.got)

.rela.got
 *(.rela.got)

.rel.bss
 *(.rel.bss)

.rela.bss
 *(.rela.bss)

.rel.plt
 *(.rel.plt)

.rela.plt
 *(.rela.plt)

.text           0x00000000     0xd41a
 *(.vectors)
 .vectors       0x00000000      0x104 C:/Program Files (x86)/Atmel/Studio/7.0/Packs/atmel/AVR-Dx_DFP/1.10.114/gcc/dev/avr128db64/avrxmega4/crtavr128db64.o
                0x00000000                __vector_default
                0x00000000                __vectors
 *(.vectors)
 *(.progmem.gcc*)
                0x00000104                . = ALIGN (0x2)
                0x00000104                __trampolines_start = .
 *(.trampolines)
 .trampolines   0x00000104        0x0 linker stubs
 *(.trampolines*)
                0x00000104                __trampolines_end = .
 *libprintf_flt.a:*(.progmem.data)
 *libc.a:*(.progmem.data)
 *(.progmem*)
                0x00000104                . = ALIGN (0x2)
 *(.jumptables)
 *(.jumptables*)
 *(.lowtext)
 *(.lowtext*)
                0x00000104                __ctors_start = .
 *(.ctors)
                0x00000104                __ctors_end = .
                0x00000104                __dtors_start = .
 *(.dtors)
                0x00000104                __dtors_end = .
 SORT(*)(.ctors)
 SORT(*)(.dtors)
 *(.init0)
 .init0         0x00000104        0x0 C:/Program Files (x86)/Atmel/Studio/7.0/Packs/atmel/AVR-Dx_DFP/1.10.114/gcc/dev/avr128db64/avrxmega4/crtavr128db64.o
                0x00000104                __init
 *(.init0)
 *(.init1)
 *(.init1)
 *(.init2)
 .init2         0x00000104        0xc C:/Program Files (x86)/Atmel/Studio/7.0/Packs/atmel/AVR-Dx_DFP/1.10.114/gcc/dev/avr128db64/avrxmega4/crtavr128db64.o
 *(.init2)
 *(.init3)
 *(.init3)
 *(.init4)
 .init4         0x00000110       0x1a c:/program files (x86)/atmel/studio/7.0/toolchain/avr8/avr8-gnu-toolchain/bin/../lib/gcc/avr/5.4.0/avrxmega4\libgcc.a(_copy_data.o)
                0x00000110                __do_copy_data
 .init4         0x0000012a       0x10 c:/program files (x86)/atmel/studio/7.0/toolchain/avr8/avr8-gnu-toolchain/bin/../lib/gcc/avr/5.4.0/avrxmega4\libgcc.a(_clear_bss.o)
                0x0000012a                __do_clear_bss
 *(.init4)
 *(.init5)
 *(.init5)
 *(.init6)
 *(.init6)
 *(.init7)
 *(.init7)
 *(.init8)
 *(.init8)
 *(.init9)
 .init9         0x0000013a        0x8 C:/Program Files (x86)/Atmel/Studio/7.0/Packs/atmel/AVR-Dx_DFP/1.10.114/gcc/dev/avr128db64/avrxmega4/crtavr128db64.o
 *(.init9)
 *(.text)
 .text          0x00000142        0x4 C:/Program Files (x86)/Atmel/Studio/7.0/Packs/atmel/AVR-Dx_DFP/1.10.114/gcc/dev/avr128db64/avrxmega4/crtavr128db64.o
                0x00000142                __vector_38
                0x00000142                __vector_22
                0x00000142                __vector_63
                0x00000142                __vector_28
                0x00000142                __vector_1
                0x00000142                __vector_32
                0x00000142                __vector_34
                0x00000142                __vector_12
                0x00000142                __vector_55
                0x00000142                __bad_interrupt
                0x00000142                __vector_6
                0x00000142                __vector_31
                0x00000142                __vector_35
                0x00000142                __vector_39
                0x00000142                __vector_3
                0x00000142                __vector_23
                0x00000142                __vector_25
                0x00000142                __vector_61
                0x00000142                __vector_11
                0x00000142                __vector_54
                0x00000142                __vector_13
                0x00000142                __vector_17
                0x00000142                __vector_19
                0x00000142                __vector_56
                0x00000142                __vector_7
                0x00000142                __vector_49
                0x00000142                __vector_41
                0x00000142                __vector_64
                0x00000142                __vector_43
                0x00000142                __vector_27
                0x00000142                __vector_5
                0x00000142                __vector_33
                0x00000142                __vector_47
                0x00000142                __vector_52
                0x00000142                __vector_37
                0x00000142                __vector_4
                0x00000142                __vector_44
                0x00000142                __vector_51
                0x00000142                __vector_2
                0x00000142                __vector_21
                0x00000142                __vector_15
                0x00000142                __vector_36
                0x00000142                __vector_58
                0x00000142                __vector_29
                0x00000142                __vector_60
                0x00000142                __vector_40
                0x00000142                __vector_26
                0x00000142                __vector_48
                0x00000142                __vector_14
                0x00000142                __vector_57
                0x00000142                __vector_53
                0x00000142                __vector_10
                0x00000142                __vector_50
                0x00000142                __vector_16
                0x00000142                __vector_59
                0x00000142                __vector_18
                0x00000142                __vector_20
                0x00000142                __vector_42
 .text          0x00000146        0xc fclk_set_8mhz_asm.o
                0x00000146                fcpu_init
                0x00000152                . = ALIGN (0x2)
 *(.text.*)
 .text.tone     0x00000152      0x20e main_128_wSoCH_wTCoff_wRPGon_R3.o
                0x00000152                tone
 .text.__vector_62
                0x00000360       0xca main_128_wSoCH_wTCoff_wRPGon_R3.o
                0x00000360                __vector_62
 .text.USART5_Init
                0x0000042a       0x68 main_128_wSoCH_wTCoff_wRPGon_R3.o
                0x0000042a                USART5_Init
 .text.remoteInterface_Init
                0x00000492       0x22 main_128_wSoCH_wTCoff_wRPGon_R3.o
                0x00000492                remoteInterface_Init
 .text.USART5_sendChar
                0x000004b4       0x36 main_128_wSoCH_wTCoff_wRPGon_R3.o
                0x000004b4                USART5_sendChar
 .text.USART5_sendString
                0x000004ea       0x56 main_128_wSoCH_wTCoff_wRPGon_R3.o
                0x000004ea                USART5_sendString
 .text.esp32_enable_relay
                0x00000540       0x22 main_128_wSoCH_wTCoff_wRPGon_R3.o
                0x00000540                esp32_enable_relay
 .text.esp32_disable_relay
                0x00000562       0x22 main_128_wSoCH_wTCoff_wRPGon_R3.o
                0x00000562                esp32_disable_relay
 .text.USART5_readChar
                0x00000584       0x24 main_128_wSoCH_wTCoff_wRPGon_R3.o
                0x00000584                USART5_readChar
 .text.executeCommand
                0x000005a8      0x666 main_128_wSoCH_wTCoff_wRPGon_R3.o
                0x000005a8                executeCommand
 .text.USARTs_Init
                0x00000c0e      0x116 main_128_wSoCH_wTCoff_wRPGon_R3.o
                0x00000c0e                USARTs_Init
 .text.TxD_OLED1_USART0
                0x00000d24       0x36 main_128_wSoCH_wTCoff_wRPGon_R3.o
                0x00000d24                TxD_OLED1_USART0
 .text.TxD_OLED2_USART3
                0x00000d5a       0x36 main_128_wSoCH_wTCoff_wRPGon_R3.o
                0x00000d5a                TxD_OLED2_USART3
 .text.TxD_OLED3_USART1
                0x00000d90       0x36 main_128_wSoCH_wTCoff_wRPGon_R3.o
                0x00000d90                TxD_OLED3_USART1
 .text.oled_init
                0x00000dc6      0x222 main_128_wSoCH_wTCoff_wRPGon_R3.o
                0x00000dc6                oled_init
 .text.putcharOLED1
                0x00000fe8       0x84 main_128_wSoCH_wTCoff_wRPGon_R3.o
                0x00000fe8                putcharOLED1
 .text.putcharOLED2
                0x0000106c       0x84 main_128_wSoCH_wTCoff_wRPGon_R3.o
                0x0000106c                putcharOLED2
 .text.putcharOLED3
                0x000010f0       0x84 main_128_wSoCH_wTCoff_wRPGon_R3.o
                0x000010f0                putcharOLED3
 .text.oled_contrast_set_cc
                0x00001174      0x14a main_128_wSoCH_wTCoff_wRPGon_R3.o
                0x00001174                oled_contrast_set_cc
 .text.oled2_contrast_set
                0x000012be       0x7e main_128_wSoCH_wTCoff_wRPGon_R3.o
                0x000012be                oled2_contrast_set
 .text.oled1_send_command
                0x0000133c       0xd0 main_128_wSoCH_wTCoff_wRPGon_R3.o
                0x0000133c                oled1_send_command
 .text.oled2_send_command
                0x0000140c       0xd4 main_128_wSoCH_wTCoff_wRPGon_R3.o
                0x0000140c                oled2_send_command
 .text.oled3_send_command
                0x000014e0       0xd0 main_128_wSoCH_wTCoff_wRPGon_R3.o
                0x000014e0                oled3_send_command
 .text.oled1_putstring
                0x000015b0       0xb6 main_128_wSoCH_wTCoff_wRPGon_R3.o
                0x000015b0                oled1_putstring
 .text.oled2_putstring
                0x00001666       0xb6 main_128_wSoCH_wTCoff_wRPGon_R3.o
                0x00001666                oled2_putstring
 .text.oled3_putstring
                0x0000171c       0xb6 main_128_wSoCH_wTCoff_wRPGon_R3.o
                0x0000171c                oled3_putstring
 .text.oled1_setxt_position
                0x000017d2       0xca main_128_wSoCH_wTCoff_wRPGon_R3.o
                0x000017d2                oled1_setxt_position
 .text.oled2_setxt_position
                0x0000189c       0xca main_128_wSoCH_wTCoff_wRPGon_R3.o
                0x0000189c                oled2_setxt_position
 .text.oled3_setxt_position
                0x00001966       0xca main_128_wSoCH_wTCoff_wRPGon_R3.o
                0x00001966                oled3_setxt_position
 .text.ssc_oled_lines
                0x00001a30       0xa0 main_128_wSoCH_wTCoff_wRPGon_R3.o
                0x00001a30                ssc_oled_lines
 .text.clr_text_area2_short
                0x00001ad0       0x3c main_128_wSoCH_wTCoff_wRPGon_R3.o
                0x00001ad0                clr_text_area2_short
 .text.USART2_RcvChr
                0x00001b0c       0x24 main_128_wSoCH_wTCoff_wRPGon_R3.o
                0x00001b0c                USART2_RcvChr
 .text.USART2_SndChr
                0x00001b30       0x36 main_128_wSoCH_wTCoff_wRPGon_R3.o
                0x00001b30                USART2_SndChr
 .text.SOC_UART2_SndCmd
                0x00001b66       0x68 main_128_wSoCH_wTCoff_wRPGon_R3.o
                0x00001b66                SOC_UART2_SndCmd
 .text.Get_SOC_Response
                0x00001bce       0x9e main_128_wSoCH_wTCoff_wRPGon_R3.o
                0x00001bce                Get_SOC_Response
 .text.verify_SOCH_online
                0x00001c6c      0x28c main_128_wSoCH_wTCoff_wRPGon_R3.o
                0x00001c6c                verify_SOCH_online
 .text.display_pack_voltage
                0x00001ef8      0x11a main_128_wSoCH_wTCoff_wRPGon_R3.o
                0x00001ef8                display_pack_voltage
 .text.display_pack_current
                0x00002012      0x1b6 main_128_wSoCH_wTCoff_wRPGon_R3.o
                0x00002012                display_pack_current
 .text.display_pack_soc
                0x000021c8       0xd8 main_128_wSoCH_wTCoff_wRPGon_R3.o
                0x000021c8                display_pack_soc
 .text.display_pack_kwh
                0x000022a0       0xce main_128_wSoCH_wTCoff_wRPGon_R3.o
                0x000022a0                display_pack_kwh
 .text.soc_state_screen_load
                0x0000236e       0x48 main_128_wSoCH_wTCoff_wRPGon_R3.o
                0x0000236e                soc_state_screen_load
 .text.entering_evim_state_screen_loads
                0x000023b6       0xf8 main_128_wSoCH_wTCoff_wRPGon_R3.o
                0x000023b6                entering_evim_state_screen_loads
 .text.reload_big_wait_mid_oled
                0x000024ae       0x34 main_128_wSoCH_wTCoff_wRPGon_R3.o
                0x000024ae                reload_big_wait_mid_oled
 .text.motor_tasks
                0x000024e2       0x34 main_128_wSoCH_wTCoff_wRPGon_R3.o
                0x000024e2                motor_tasks
 .text.controller_tasks
                0x00002516       0x34 main_128_wSoCH_wTCoff_wRPGon_R3.o
                0x00002516                controller_tasks
 .text.dcdc_tasks
                0x0000254a       0x34 main_128_wSoCH_wTCoff_wRPGon_R3.o
                0x0000254a                dcdc_tasks
 .text.bbox1_tasks
                0x0000257e       0x34 main_128_wSoCH_wTCoff_wRPGon_R3.o
                0x0000257e                bbox1_tasks
 .text.bbox2_tasks
                0x000025b2       0x34 main_128_wSoCH_wTCoff_wRPGon_R3.o
                0x000025b2                bbox2_tasks
 .text.ambient_tasks
                0x000025e6       0x34 main_128_wSoCH_wTCoff_wRPGon_R3.o
                0x000025e6                ambient_tasks
 .text.battery_tasks
                0x0000261a       0x34 main_128_wSoCH_wTCoff_wRPGon_R3.o
                0x0000261a                battery_tasks
 .text.temp_high_tasks
                0x0000264e       0x34 main_128_wSoCH_wTCoff_wRPGon_R3.o
                0x0000264e                temp_high_tasks
 .text.temp_low_tasks
                0x00002682       0x34 main_128_wSoCH_wTCoff_wRPGon_R3.o
                0x00002682                temp_low_tasks
 .text.lock_accel_pedal_slo
                0x000026b6     0x1b86 main_128_wSoCH_wTCoff_wRPGon_R3.o
                0x000026b6                lock_accel_pedal_slo
 .text.unlock_accel_pedal_slo
                0x0000423c     0x1b92 main_128_wSoCH_wTCoff_wRPGon_R3.o
                0x0000423c                unlock_accel_pedal_slo
 .text.pedal_lock_pwr_on
                0x00005dce       0x1a main_128_wSoCH_wTCoff_wRPGon_R3.o
                0x00005dce                pedal_lock_pwr_on
 .text.pedal_lock_pwr_off
                0x00005de8       0x1a main_128_wSoCH_wTCoff_wRPGon_R3.o
                0x00005de8                pedal_lock_pwr_off
 .text.soch_pwr_off
                0x00005e02       0x1a main_128_wSoCH_wTCoff_wRPGon_R3.o
                0x00005e02                soch_pwr_off
 .text.soch_pwr_on
                0x00005e1c       0x1a main_128_wSoCH_wTCoff_wRPGon_R3.o
                0x00005e1c                soch_pwr_on
 .text.TCA0_init
                0x00005e36       0x54 main_128_wSoCH_wTCoff_wRPGon_R3.o
                0x00005e36                TCA0_init
 .text.TCA0_stop
                0x00005e8a       0x24 main_128_wSoCH_wTCoff_wRPGon_R3.o
                0x00005e8a                TCA0_stop
 .text.__vector_9
                0x00005eae       0x8c main_128_wSoCH_wTCoff_wRPGon_R3.o
                0x00005eae                __vector_9
 .text.__vector_8
                0x00005f3a      0x1a6 main_128_wSoCH_wTCoff_wRPGon_R3.o
                0x00005f3a                __vector_8
 .text.__vector_45
                0x000060e0      0x5b6 main_128_wSoCH_wTCoff_wRPGon_R3.o
                0x000060e0                __vector_45
 .text.__vector_30
                0x00006696        0x6 main_128_wSoCH_wTCoff_wRPGon_R3.o
                0x00006696                __vector_30
 .text.__vector_46
                0x0000669c      0x2e4 main_128_wSoCH_wTCoff_wRPGon_R3.o
                0x0000669c                __vector_46
 .text.__vector_24
                0x00006980       0x16 main_128_wSoCH_wTCoff_wRPGon_R3.o
                0x00006980                __vector_24
 .text.load_133V_battery_voltage
                0x00006996      0x33c main_128_wSoCH_wTCoff_wRPGon_R3.o
                0x00006996                load_133V_battery_voltage
 .text.load_a12V_voltage
                0x00006cd2      0x33c main_128_wSoCH_wTCoff_wRPGon_R3.o
                0x00006cd2                load_a12V_voltage
 .text.load_a5V_voltage
                0x0000700e      0x2fc main_128_wSoCH_wTCoff_wRPGon_R3.o
                0x0000700e                load_a5V_voltage
 .text.main     0x0000730a     0x4188 main_128_wSoCH_wTCoff_wRPGon_R3.o
                0x0000730a                main
 .text.get_133V_battery_voltage
                0x0000b492      0x39e main_128_wSoCH_wTCoff_wRPGon_R3.o
                0x0000b492                get_133V_battery_voltage
 .text.get_a12V_voltage
                0x0000b830      0x3a4 main_128_wSoCH_wTCoff_wRPGon_R3.o
                0x0000b830                get_a12V_voltage
 .text.get_a5V_voltage
                0x0000bbd4      0x352 main_128_wSoCH_wTCoff_wRPGon_R3.o
                0x0000bbd4                get_a5V_voltage
 .text.get_temps
                0x0000bf26       0x60 main_128_wSoCH_wTCoff_wRPGon_R3.o
                0x0000bf26                get_temps
 .text.get_adc_ntc10k
                0x0000bf86      0x186 main_128_wSoCH_wTCoff_wRPGon_R3.o
                0x0000bf86                get_adc_ntc10k
 .text.scale_temp_ntc10k
                0x0000c10c      0x16e main_128_wSoCH_wTCoff_wRPGon_R3.o
                0x0000c10c                scale_temp_ntc10k
 .text.scale_temps_array
                0x0000c27a       0x64 main_128_wSoCH_wTCoff_wRPGon_R3.o
                0x0000c27a                scale_temps_array
 .text.load_tmparray_display
                0x0000c2de       0x76 main_128_wSoCH_wTCoff_wRPGon_R3.o
                0x0000c2de                load_tmparray_display
 .text.dsp_ps_temp
                0x0000c354      0x41e main_128_wSoCH_wTCoff_wRPGon_R3.o
                0x0000c354                dsp_ps_temp
 .text.clr_tmp_dsp_area
                0x0000c772      0x124 main_128_wSoCH_wTCoff_wRPGon_R3.o
                0x0000c772                clr_tmp_dsp_area
 .text.avr-libc.fplib
                0x0000c896        0xe c:/program files (x86)/atmel/studio/7.0/toolchain/avr8/avr8-gnu-toolchain/bin/../lib/gcc/avr/5.4.0/../../../../avr/lib/avrxmega4\libm.a(addsf3.o)
                0x0000c896                __subsf3
                0x0000c898                __addsf3
 .text.avr-libc.fplib
                0x0000c8a4       0xcc c:/program files (x86)/atmel/studio/7.0/toolchain/avr8/avr8-gnu-toolchain/bin/../lib/gcc/avr/5.4.0/../../../../avr/lib/avrxmega4\libm.a(addsf3x.o)
                0x0000c8c6                __addsf3x
 .text.avr-libc.fplib
                0x0000c970        0xa c:/program files (x86)/atmel/studio/7.0/toolchain/avr8/avr8-gnu-toolchain/bin/../lib/gcc/avr/5.4.0/../../../../avr/lib/avrxmega4\libm.a(cmpsf2.o)
                0x0000c970                __nesf2
                0x0000c970                __eqsf2
                0x0000c970                __cmpsf2
                0x0000c970                __ltsf2
                0x0000c970                __lesf2
 .text.avr-libc.fplib
                0x0000c97a        0x8 c:/program files (x86)/atmel/studio/7.0/toolchain/avr8/avr8-gnu-toolchain/bin/../lib/gcc/avr/5.4.0/../../../../avr/lib/avrxmega4\libm.a(divsf3.o)
                0x0000c97a                __divsf3
 .text.avr-libc.fplib
                0x0000c982       0xdc c:/program files (x86)/atmel/studio/7.0/toolchain/avr8/avr8-gnu-toolchain/bin/../lib/gcc/avr/5.4.0/../../../../avr/lib/avrxmega4\libm.a(divsf3x.o)
                0x0000c9a2                __divsf3x
                0x0000c9a8                __divsf3_pse
 .text.avr-libc.fplib
                0x0000ca5e       0x5e c:/program files (x86)/atmel/studio/7.0/toolchain/avr8/avr8-gnu-toolchain/bin/../lib/gcc/avr/5.4.0/../../../../avr/lib/avrxmega4\libm.a(fixunssfsi.o)
                0x0000ca5e                __fixunssfsi
 .text.avr-libc.fplib
                0x0000cabc       0x7a c:/program files (x86)/atmel/studio/7.0/toolchain/avr8/avr8-gnu-toolchain/bin/../lib/gcc/avr/5.4.0/../../../../avr/lib/avrxmega4\libm.a(floatsisf.o)
                0x0000cabc                __floatunsisf
                0x0000cac0                __floatsisf
 .text.avr-libc.fplib
                0x0000cb36       0x48 c:/program files (x86)/atmel/studio/7.0/toolchain/avr8/avr8-gnu-toolchain/bin/../lib/gcc/avr/5.4.0/../../../../avr/lib/avrxmega4\libm.a(fp_cmp.o)
                0x0000cb36                __fp_cmp
 .text.avr-libc.fplib
                0x0000cb7e        0xc c:/program files (x86)/atmel/studio/7.0/toolchain/avr8/avr8-gnu-toolchain/bin/../lib/gcc/avr/5.4.0/../../../../avr/lib/avrxmega4\libm.a(fp_inf.o)
                0x0000cb7e                __fp_inf
 .text.avr-libc.fplib
                0x0000cb8a        0x6 c:/program files (x86)/atmel/studio/7.0/toolchain/avr8/avr8-gnu-toolchain/bin/../lib/gcc/avr/5.4.0/../../../../avr/lib/avrxmega4\libm.a(fp_nan.o)
                0x0000cb8a                __fp_nan
 .text.avr-libc.fplib
                0x0000cb90        0xe c:/program files (x86)/atmel/studio/7.0/toolchain/avr8/avr8-gnu-toolchain/bin/../lib/gcc/avr/5.4.0/../../../../avr/lib/avrxmega4\libm.a(fp_pscA.o)
                0x0000cb90                __fp_pscA
 .text.avr-libc.fplib
                0x0000cb9e        0xe c:/program files (x86)/atmel/studio/7.0/toolchain/avr8/avr8-gnu-toolchain/bin/../lib/gcc/avr/5.4.0/../../../../avr/lib/avrxmega4\libm.a(fp_pscB.o)
                0x0000cb9e                __fp_pscB
 .text.avr-libc.fplib
                0x0000cbac       0x22 c:/program files (x86)/atmel/studio/7.0/toolchain/avr8/avr8-gnu-toolchain/bin/../lib/gcc/avr/5.4.0/../../../../avr/lib/avrxmega4\libm.a(fp_round.o)
                0x0000cbac                __fp_round
 .text.avr-libc.fplib
                0x0000cbce       0x44 c:/program files (x86)/atmel/studio/7.0/toolchain/avr8/avr8-gnu-toolchain/bin/../lib/gcc/avr/5.4.0/../../../../avr/lib/avrxmega4\libm.a(fp_split3.o)
                0x0000cbce                __fp_split3
                0x0000cbde                __fp_splitA
 .text.avr-libc.fplib
                0x0000cc12        0xe c:/program files (x86)/atmel/studio/7.0/toolchain/avr8/avr8-gnu-toolchain/bin/../lib/gcc/avr/5.4.0/../../../../avr/lib/avrxmega4\libm.a(fp_zero.o)
                0x0000cc12                __fp_zero
                0x0000cc14                __fp_szero
 .text.avr-libc.fplib
                0x0000cc20        0xa c:/program files (x86)/atmel/studio/7.0/toolchain/avr8/avr8-gnu-toolchain/bin/../lib/gcc/avr/5.4.0/../../../../avr/lib/avrxmega4\libm.a(gesf2.o)
                0x0000cc20                __gesf2
                0x0000cc20                __gtsf2
 .text.avr-libc.fplib
                0x0000cc2a        0x8 c:/program files (x86)/atmel/studio/7.0/toolchain/avr8/avr8-gnu-toolchain/bin/../lib/gcc/avr/5.4.0/../../../../avr/lib/avrxmega4\libm.a(mulsf3.o)
                0x0000cc2a                __mulsf3
 .text.avr-libc.fplib
                0x0000cc32       0xd2 c:/program files (x86)/atmel/studio/7.0/toolchain/avr8/avr8-gnu-toolchain/bin/../lib/gcc/avr/5.4.0/../../../../avr/lib/avrxmega4\libm.a(mulsf3x.o)
                0x0000cc50                __mulsf3x
                0x0000cc56                __mulsf3_pse
 .text.libgcc.mul
                0x0000cd04       0x20 c:/program files (x86)/atmel/studio/7.0/toolchain/avr8/avr8-gnu-toolchain/bin/../lib/gcc/avr/5.4.0/avrxmega4\libgcc.a(_mulsi3.o)
                0x0000cd04                __mulsi3
 .text.libgcc.div
                0x0000cd24       0x28 c:/program files (x86)/atmel/studio/7.0/toolchain/avr8/avr8-gnu-toolchain/bin/../lib/gcc/avr/5.4.0/avrxmega4\libgcc.a(_divmodhi4.o)
                0x0000cd24                _div
                0x0000cd24                __divmodhi4
 .text.libgcc.div
                0x0000cd4c       0x44 c:/program files (x86)/atmel/studio/7.0/toolchain/avr8/avr8-gnu-toolchain/bin/../lib/gcc/avr/5.4.0/avrxmega4\libgcc.a(_udivmodsi4.o)
                0x0000cd4c                __udivmodsi4
 .text.libgcc.div
                0x0000cd90       0x2e c:/program files (x86)/atmel/studio/7.0/toolchain/avr8/avr8-gnu-toolchain/bin/../lib/gcc/avr/5.4.0/avrxmega4\libgcc.a(_divmodsi4.o)
                0x0000cd90                __divmodsi4
 .text.libgcc.div
                0x0000cdbe       0x10 c:/program files (x86)/atmel/studio/7.0/toolchain/avr8/avr8-gnu-toolchain/bin/../lib/gcc/avr/5.4.0/avrxmega4\libgcc.a(_negsi2.o)
                0x0000cdbe                __negsi2
 .text.libgcc.mul
                0x0000cdce       0x1e c:/program files (x86)/atmel/studio/7.0/toolchain/avr8/avr8-gnu-toolchain/bin/../lib/gcc/avr/5.4.0/avrxmega4\libgcc.a(_umulhisi3.o)
                0x0000cdce                __umulhisi3
 .text.libgcc.mul
                0x0000cdec       0x16 c:/program files (x86)/atmel/studio/7.0/toolchain/avr8/avr8-gnu-toolchain/bin/../lib/gcc/avr/5.4.0/avrxmega4\libgcc.a(_muluhisi3.o)
                0x0000cdec                __muluhisi3
 .text.libgcc.div
                0x0000ce02       0x28 c:/program files (x86)/atmel/studio/7.0/toolchain/avr8/avr8-gnu-toolchain/bin/../lib/gcc/avr/5.4.0/avrxmega4\libgcc.a(_udivmodhi4.o)
                0x0000ce02                __udivmodhi4
 .text.avr-libc
                0x0000ce2a        0xe c:/program files (x86)/atmel/studio/7.0/toolchain/avr8/avr8-gnu-toolchain/bin/../lib/gcc/avr/5.4.0/../../../../avr/lib/avrxmega4\libc.a(memset.o)
                0x0000ce2a                memset
 .text.avr-libc
                0x0000ce38       0x12 c:/program files (x86)/atmel/studio/7.0/toolchain/avr8/avr8-gnu-toolchain/bin/../lib/gcc/avr/5.4.0/../../../../avr/lib/avrxmega4\libc.a(strcmp.o)
                0x0000ce38                strcmp
 .text.avr-libc
                0x0000ce4a       0x12 c:/program files (x86)/atmel/studio/7.0/toolchain/avr8/avr8-gnu-toolchain/bin/../lib/gcc/avr/5.4.0/../../../../avr/lib/avrxmega4\libc.a(strlen.o)
                0x0000ce4a                strlen
 .text.avr-libc
                0x0000ce5c       0x52 c:/program files (x86)/atmel/studio/7.0/toolchain/avr8/avr8-gnu-toolchain/bin/../lib/gcc/avr/5.4.0/../../../../avr/lib/avrxmega4\libc.a(sprintf.o)
                0x0000ce5c                sprintf
 .text.avr-libc
                0x0000ceae      0x408 c:/program files (x86)/atmel/studio/7.0/toolchain/avr8/avr8-gnu-toolchain/bin/../lib/gcc/avr/5.4.0/../../../../avr/lib/avrxmega4\libc.a(vfprintf_std.o)
                0x0000ceae                vfprintf
 .text.avr-libc
                0x0000d2b6       0x16 c:/program files (x86)/atmel/studio/7.0/toolchain/avr8/avr8-gnu-toolchain/bin/../lib/gcc/avr/5.4.0/../../../../avr/lib/avrxmega4\libc.a(strnlen_P.o)
                0x0000d2b6                strnlen_P
 .text.avr-libc
                0x0000d2cc       0x16 c:/program files (x86)/atmel/studio/7.0/toolchain/avr8/avr8-gnu-toolchain/bin/../lib/gcc/avr/5.4.0/../../../../avr/lib/avrxmega4\libc.a(strnlen.o)
                0x0000d2cc                strnlen
 .text.avr-libc
                0x0000d2e2       0x78 c:/program files (x86)/atmel/studio/7.0/toolchain/avr8/avr8-gnu-toolchain/bin/../lib/gcc/avr/5.4.0/../../../../avr/lib/avrxmega4\libc.a(fputc.o)
                0x0000d2e2                fputc
 .text.avr-libc
                0x0000d35a       0xbc c:/program files (x86)/atmel/studio/7.0/toolchain/avr8/avr8-gnu-toolchain/bin/../lib/gcc/avr/5.4.0/../../../../avr/lib/avrxmega4\libc.a(ultoa_invert.o)
                0x0000d35a                __ultoa_invert
                0x0000d416                . = ALIGN (0x2)
 *(.fini9)
 .fini9         0x0000d416        0x0 c:/program files (x86)/atmel/studio/7.0/toolchain/avr8/avr8-gnu-toolchain/bin/../lib/gcc/avr/5.4.0/avrxmega4\libgcc.a(_exit.o)
                0x0000d416                _exit
                0x0000d416                exit
 *(.fini9)
 *(.fini8)
 *(.fini8)
 *(.fini7)
 *(.fini7)
 *(.fini6)
 *(.fini6)
 *(.fini5)
 *(.fini5)
 *(.fini4)
 *(.fini4)
 *(.fini3)
 *(.fini3)
 *(.fini2)
 *(.fini2)
 *(.fini1)
 *(.fini1)
 *(.fini0)
 .fini0         0x0000d416        0x4 c:/program files (x86)/atmel/studio/7.0/toolchain/avr8/avr8-gnu-toolchain/bin/../lib/gcc/avr/5.4.0/avrxmega4\libgcc.a(_exit.o)
 *(.fini0)
                0x0000d41a                _etext = .

.data           0x00804000      0x2c8 load address 0x0000d41a
                0x00804000                PROVIDE (__data_start, .)
 *(.data)
 *(.data*)
 .data.pack_voltage_array
                0x00804000       0x10 main_128_wSoCH_wTCoff_wRPGon_R3.o
                0x00804000                pack_voltage_array
 .data.pack_current_array
                0x00804010       0x10 main_128_wSoCH_wTCoff_wRPGon_R3.o
                0x00804010                pack_current_array
 .data.pack_soc_array
                0x00804020       0x10 main_128_wSoCH_wTCoff_wRPGon_R3.o
                0x00804020                pack_soc_array
 .data.pack_kwh_array
                0x00804030       0x10 main_128_wSoCH_wTCoff_wRPGon_R3.o
                0x00804030                pack_kwh_array
 .data.state_num
                0x00804040        0x1 main_128_wSoCH_wTCoff_wRPGon_R3.o
                0x00804040                state_num
 .data.contrast_level
                0x00804041        0x1 main_128_wSoCH_wTCoff_wRPGon_R3.o
                0x00804041                contrast_level
 *(.gnu.linkonce.d*)
 *(.rodata)
 .rodata        0x00804042       0x2a main_128_wSoCH_wTCoff_wRPGon_R3.o
 *(.rodata*)
 .rodata.oled_drw_vline_mid
                0x0080406c        0xe main_128_wSoCH_wTCoff_wRPGon_R3.o
                0x0080406c                oled_drw_vline_mid
 .rodata.oled_drw_hline_lo
                0x0080407a        0xe main_128_wSoCH_wTCoff_wRPGon_R3.o
                0x0080407a                oled_drw_hline_lo
 .rodata.oled_drw_line_bottom
                0x00804088        0xe main_128_wSoCH_wTCoff_wRPGon_R3.o
                0x00804088                oled_drw_line_bottom
 .rodata.oled_drw_line_bottom2
                0x00804096        0xe main_128_wSoCH_wTCoff_wRPGon_R3.o
                0x00804096                oled_drw_line_bottom2
 .rodata.oled_drw_line_bottom3
                0x008040a4        0xe main_128_wSoCH_wTCoff_wRPGon_R3.o
                0x008040a4                oled_drw_line_bottom3
 .rodata.oled_drw_line_lo
                0x008040b2        0xe main_128_wSoCH_wTCoff_wRPGon_R3.o
                0x008040b2                oled_drw_line_lo
 .rodata.oled_drw_line_hi2
                0x008040c0        0xe main_128_wSoCH_wTCoff_wRPGon_R3.o
                0x008040c0                oled_drw_line_hi2
 .rodata.oled_drw_line_top
                0x008040ce        0xe main_128_wSoCH_wTCoff_wRPGon_R3.o
                0x008040ce                oled_drw_line_top
 .rodata.oled_drw_line_top2
                0x008040dc        0xe main_128_wSoCH_wTCoff_wRPGon_R3.o
                0x008040dc                oled_drw_line_top2
 .rodata.oled_drw_line_top3
                0x008040ea        0xe main_128_wSoCH_wTCoff_wRPGon_R3.o
                0x008040ea                oled_drw_line_top3
 .rodata.oled_setxt_height_talltall
                0x008040f8        0x6 main_128_wSoCH_wTCoff_wRPGon_R3.o
                0x008040f8                oled_setxt_height_talltall
 .rodata.oled_setxt_height_tall
                0x008040fe        0x6 main_128_wSoCH_wTCoff_wRPGon_R3.o
                0x008040fe                oled_setxt_height_tall
 .rodata.oled_setxt_height
                0x00804104        0x6 main_128_wSoCH_wTCoff_wRPGon_R3.o
                0x00804104                oled_setxt_height
 .rodata.oled_setxt_height_med
                0x0080410a        0x6 main_128_wSoCH_wTCoff_wRPGon_R3.o
                0x0080410a                oled_setxt_height_med
 .rodata.oled_setxt_height_sml
                0x00804110        0x6 main_128_wSoCH_wTCoff_wRPGon_R3.o
                0x00804110                oled_setxt_height_sml
 .rodata.oled_setxt_width_narrow
                0x00804116        0x6 main_128_wSoCH_wTCoff_wRPGon_R3.o
                0x00804116                oled_setxt_width_narrow
 .rodata.oled_setxt_width
                0x0080411c        0x6 main_128_wSoCH_wTCoff_wRPGon_R3.o
                0x0080411c                oled_setxt_width
 .rodata.oled_setxt_width_wide3
                0x00804122        0x6 main_128_wSoCH_wTCoff_wRPGon_R3.o
                0x00804122                oled_setxt_width_wide3
 .rodata.oled_setxt_width_wide4
                0x00804128        0x6 main_128_wSoCH_wTCoff_wRPGon_R3.o
                0x00804128                oled_setxt_width_wide4
 .rodata.oled_setxt_FG_colorORGRED
                0x0080412e        0x6 main_128_wSoCH_wTCoff_wRPGon_R3.o
                0x0080412e                oled_setxt_FG_colorORGRED
 .rodata.oled_setxt_FG_colorWHT
                0x00804134        0x6 main_128_wSoCH_wTCoff_wRPGon_R3.o
                0x00804134                oled_setxt_FG_colorWHT
 .rodata.Wait1  0x0080413a        0x7 main_128_wSoCH_wTCoff_wRPGon_R3.o
                0x0080413a                Wait1
 .rodata.DontPress
                0x00804141        0xd main_128_wSoCH_wTCoff_wRPGon_R3.o
                0x00804141                DontPress
 .rodata.Accel  0x0080414e        0xd main_128_wSoCH_wTCoff_wRPGon_R3.o
                0x0080414e                Accel
 .rodata.Running
                0x0080415b        0xc main_128_wSoCH_wTCoff_wRPGon_R3.o
                0x0080415b                Running
 .rodata.DIAGNOSTIC
                0x00804167        0xc main_128_wSoCH_wTCoff_wRPGon_R3.o
                0x00804167                DIAGNOSTIC
 .rodata.Checks
                0x00804173        0xc main_128_wSoCH_wTCoff_wRPGon_R3.o
                0x00804173                Checks
 .rodata.Soc_kWh
                0x0080417f        0xb main_128_wSoCH_wTCoff_wRPGon_R3.o
                0x0080417f                Soc_kWh
 .rodata.ClrTextArea
                0x0080418a        0xc main_128_wSoCH_wTCoff_wRPGon_R3.o
                0x0080418a                ClrTextArea
 .rodata.ClrTextArea2
                0x00804196        0xd main_128_wSoCH_wTCoff_wRPGon_R3.o
                0x00804196                ClrTextArea2
 .rodata.ClrTextAreaShort
                0x008041a3        0x9 main_128_wSoCH_wTCoff_wRPGon_R3.o
                0x008041a3                ClrTextAreaShort
 .rodata.ClrWait
                0x008041ac        0x8 main_128_wSoCH_wTCoff_wRPGon_R3.o
                0x008041ac                ClrWait
 .rodata.blnk_strng
                0x008041b4        0xc main_128_wSoCH_wTCoff_wRPGon_R3.o
                0x008041b4                blnk_strng
 .rodata.Fasten
                0x008041c0        0xc main_128_wSoCH_wTCoff_wRPGon_R3.o
                0x008041c0                Fasten
 .rodata.SeatBelts
                0x008041cc        0xc main_128_wSoCH_wTCoff_wRPGon_R3.o
                0x008041cc                SeatBelts
 .rodata.Powering
                0x008041d8        0xc main_128_wSoCH_wTCoff_wRPGon_R3.o
                0x008041d8                Powering
 .rodata.Vehicle
                0x008041e4        0xb main_128_wSoCH_wTCoff_wRPGon_R3.o
                0x008041e4                Vehicle
 .rodata.Motor  0x008041ef        0xb main_128_wSoCH_wTCoff_wRPGon_R3.o
                0x008041ef                Motor
 .rodata.Control
                0x008041fa        0xb main_128_wSoCH_wTCoff_wRPGon_R3.o
                0x008041fa                Control
 .rodata.DCDC   0x00804205        0xb main_128_wSoCH_wTCoff_wRPGon_R3.o
                0x00804205                DCDC
 .rodata.BBox1  0x00804210        0xc main_128_wSoCH_wTCoff_wRPGon_R3.o
                0x00804210                BBox1
 .rodata.BBox2  0x0080421c        0xb main_128_wSoCH_wTCoff_wRPGon_R3.o
                0x0080421c                BBox2
 .rodata.Ambient
                0x00804227        0xb main_128_wSoCH_wTCoff_wRPGon_R3.o
                0x00804227                Ambient
 .rodata.Battery
                0x00804232        0xb main_128_wSoCH_wTCoff_wRPGon_R3.o
                0x00804232                Battery
 .rodata.High   0x0080423d        0x9 main_128_wSoCH_wTCoff_wRPGon_R3.o
                0x0080423d                High
 .rodata.Low    0x00804246        0x9 main_128_wSoCH_wTCoff_wRPGon_R3.o
                0x00804246                Low
 .rodata.get_pack_voltage
                0x0080424f        0x6 main_128_wSoCH_wTCoff_wRPGon_R3.o
                0x0080424f                get_pack_voltage
 .rodata.get_pack_current
                0x00804255        0x6 main_128_wSoCH_wTCoff_wRPGon_R3.o
                0x00804255                get_pack_current
 .rodata.get_pack_soc
                0x0080425b        0x6 main_128_wSoCH_wTCoff_wRPGon_R3.o
                0x0080425b                get_pack_soc
 .rodata.get_watthours_soc
                0x00804261        0x6 main_128_wSoCH_wTCoff_wRPGon_R3.o
                0x00804261                get_watthours_soc
 .rodata.soc_reset
                0x00804267        0x6 main_128_wSoCH_wTCoff_wRPGon_R3.o
                0x00804267                soc_reset
 .rodata.soch_verify_command
                0x0080426d        0x7 main_128_wSoCH_wTCoff_wRPGon_R3.o
                0x0080426d                soch_verify_command
 .rodata.interp_tbl
                0x00804274       0x54 main_128_wSoCH_wTCoff_wRPGon_R3.o
                0x00804274                interp_tbl
 *(.gnu.linkonce.r*)
                0x008042c8                . = ALIGN (0x2)
                0x008042c8                _edata = .
                0x008042c8                PROVIDE (__data_end, .)

.bss            0x008042c8       0x98
                0x008042c8                PROVIDE (__bss_start, .)
 *(.bss)
 *(.bss*)
 .bss.current_temps_array
                0x008042c8        0xc main_128_wSoCH_wTCoff_wRPGon_R3.o
                0x008042c8                current_temps_array
 .bss.scaled_temps_array
                0x008042d4        0xc main_128_wSoCH_wTCoff_wRPGon_R3.o
                0x008042d4                scaled_temps_array
 .bss.to_counter
                0x008042e0        0x2 main_128_wSoCH_wTCoff_wRPGon_R3.o
                0x008042e0                to_counter
 .bss.top_state_num
                0x008042e2        0x1 main_128_wSoCH_wTCoff_wRPGon_R3.o
                0x008042e2                top_state_num
 .bss.temp_port_image
                0x008042e3        0x1 main_128_wSoCH_wTCoff_wRPGon_R3.o
                0x008042e3                temp_port_image
 .bss.first_time
                0x008042e4        0x1 main_128_wSoCH_wTCoff_wRPGon_R3.o
                0x008042e4                first_time
 .bss.rpg_on_flag
                0x008042e5        0x1 main_128_wSoCH_wTCoff_wRPGon_R3.o
                0x008042e5                rpg_on_flag
 .bss.dsp_mode_flag
                0x008042e6        0x1 main_128_wSoCH_wTCoff_wRPGon_R3.o
                0x008042e6                dsp_mode_flag
 .bss.mode_changed
                0x008042e7        0x1 main_128_wSoCH_wTCoff_wRPGon_R3.o
                0x008042e7                mode_changed
 .bss.mode_switch_counter
                0x008042e8        0x1 main_128_wSoCH_wTCoff_wRPGon_R3.o
                0x008042e8                mode_switch_counter
 .bss.direction_flag
                0x008042e9        0x1 main_128_wSoCH_wTCoff_wRPGon_R3.o
                0x008042e9                direction_flag
 .bss.current_state
                0x008042ea        0x2 main_128_wSoCH_wTCoff_wRPGon_R3.o
                0x008042ea                current_state
 .bss.receive_word
                0x008042ec        0x2 main_128_wSoCH_wTCoff_wRPGon_R3.o
                0x008042ec                receive_word
 .bss.PORTA_image
                0x008042ee        0x1 main_128_wSoCH_wTCoff_wRPGon_R3.o
                0x008042ee                PORTA_image
 .bss.portB_image
                0x008042ef        0x1 main_128_wSoCH_wTCoff_wRPGon_R3.o
                0x008042ef                portB_image
 .bss.PORTC_image
                0x008042f0        0x1 main_128_wSoCH_wTCoff_wRPGon_R3.o
                0x008042f0                PORTC_image
 .bss.PORTE_image
                0x008042f1        0x1 main_128_wSoCH_wTCoff_wRPGon_R3.o
                0x008042f1                PORTE_image
 .bss.new_dsp_mode_sw_val
                0x008042f2        0x1 main_128_wSoCH_wTCoff_wRPGon_R3.o
                0x008042f2                new_dsp_mode_sw_val
 .bss.channel_d3_d2
                0x008042f3        0x1 main_128_wSoCH_wTCoff_wRPGon_R3.o
                0x008042f3                channel_d3_d2
 .bss.timeout_counter
                0x008042f4        0x1 main_128_wSoCH_wTCoff_wRPGon_R3.o
                0x008042f4                timeout_counter
 .bss.ambient_active
                0x008042f5        0x1 main_128_wSoCH_wTCoff_wRPGon_R3.o
                0x008042f5                ambient_active
 .bss.interrupted_state
                0x008042f6        0x2 main_128_wSoCH_wTCoff_wRPGon_R3.o
                0x008042f6                interrupted_state
 .bss.soch_offline_flag
                0x008042f8        0x1 main_128_wSoCH_wTCoff_wRPGon_R3.o
                0x008042f8                soch_offline_flag
 .bss.cmd_index
                0x008042f9        0x1 main_128_wSoCH_wTCoff_wRPGon_R3.o
                0x008042f9                cmd_index
 .bss.dig_cnt   0x008042fa        0x2 main_128_wSoCH_wTCoff_wRPGon_R3.o
 .bss.sign      0x008042fc        0x1 main_128_wSoCH_wTCoff_wRPGon_R3.o
 .bss.current_sign.5692
                0x008042fd        0x1 main_128_wSoCH_wTCoff_wRPGon_R3.o
 .bss.need_neg_sign.5693
                0x008042fe        0x1 main_128_wSoCH_wTCoff_wRPGon_R3.o
 .bss.current_digit_cnt.5691
                0x008042ff        0x2 main_128_wSoCH_wTCoff_wRPGon_R3.o
 *(COMMON)
 COMMON         0x00804301       0x5f main_128_wSoCH_wTCoff_wRPGon_R3.o
                0x00804301                aux12_tenths
                0x00804303                contrast_oldval
                0x00804304                aux5_hundredths
                0x00804306                accy133_tens
                0x00804308                aux12_hundredths
                0x0080430a                oled1_NAK_flag
                0x0080430b                evim_state_active_flag
                0x0080430c                oled3_busy_flag
                0x0080430d                serial_command_byte
                0x0080430e                standby_state_active_flag
                0x0080430f                first_response_char
                0x00804310                dly_val
                0x00804312                command
                0x00804344                aux5_units
                0x00804346                accy133_hundredths
                0x00804348                aux5_tenths
                0x0080434a                i
                0x0080434b                accy133_tenths
                0x0080434d                aux12_tens
                0x0080434f                c
                0x00804350                warm_restart_flag
                0x00804351                aux5_tens
                0x00804353                charge_cycle_active_flag
                0x00804354                aux12_units
                0x00804356                count
                0x00804357                dsp_mode_sw_val
                0x00804358                oled2_NAK_flag
                0x00804359                oled1_busy_flag
                0x0080435a                portB_image_old
                0x0080435b                accy133_units
                0x0080435d                tailite_flag
                0x0080435e                oled2_busy_flag
                0x0080435f                oled3_NAK_flag
                0x00804360                PROVIDE (__bss_end, .)
                0x0000d41a                __data_load_start = LOADADDR (.data)
                0x0000d6e2                __data_load_end = (__data_load_start + SIZEOF (.data))

.noinit         0x00804360        0x0
                [!provide]                PROVIDE (__noinit_start, .)
 *(.noinit*)
                [!provide]                PROVIDE (__noinit_end, .)
                0x00804360                _end = .
                [!provide]                PROVIDE (__heap_start, .)

.eeprom         0x00810000        0x0
 *(.eeprom*)
                0x00810000                __eeprom_end = .

.fuse
 *(.fuse)
 *(.lfuse)
 *(.hfuse)
 *(.efuse)

.lock
 *(.lock*)

.signature
 *(.signature*)

.user_signatures
 *(.user_signatures*)

.stab
 *(.stab)

.stabstr
 *(.stabstr)

.stab.excl
 *(.stab.excl)

.stab.exclstr
 *(.stab.exclstr)

.stab.index
 *(.stab.index)

.stab.indexstr
 *(.stab.indexstr)

.comment        0x00000000       0x5c
 *(.comment)
 .comment       0x00000000       0x30 main_128_wSoCH_wTCoff_wRPGon_R3.o
                                 0x31 (size before relaxing)
 .comment       0x00000030       0x31 c:/program files (x86)/atmel/studio/7.0/toolchain/avr8/avr8-gnu-toolchain/bin/../lib/gcc/avr/5.4.0/../../../../avr/lib/avrxmega4\libc.a(sprintf.o)
 .comment       0x00000030       0x2c c:/program files (x86)/atmel/studio/7.0/toolchain/avr8/avr8-gnu-toolchain/bin/../lib/gcc/avr/5.4.0/../../../../avr/lib/avrxmega4\libc.a(vfprintf_std.o)
                                 0x2d (size before relaxing)
 .comment       0x0000005c       0x31 c:/program files (x86)/atmel/studio/7.0/toolchain/avr8/avr8-gnu-toolchain/bin/../lib/gcc/avr/5.4.0/../../../../avr/lib/avrxmega4\libc.a(fputc.o)

.note.gnu.avr.deviceinfo
                0x00000000       0x40
 .note.gnu.avr.deviceinfo
                0x00000000       0x40 C:/Program Files (x86)/Atmel/Studio/7.0/Packs/atmel/AVR-Dx_DFP/1.10.114/gcc/dev/avr128db64/avrxmega4/crtavr128db64.o

.note.gnu.build-id
 *(.note.gnu.build-id)

.debug
 *(.debug)

.line
 *(.line)

.debug_srcinfo
 *(.debug_srcinfo)

.debug_sfnames
 *(.debug_sfnames)

.debug_aranges  0x00000000      0x320
 *(.debug_aranges)
 .debug_aranges
                0x00000000       0x20 fclk_set_8mhz_asm.o
 .debug_aranges
                0x00000020      0x300 main_128_wSoCH_wTCoff_wRPGon_R3.o

.debug_pubnames
 *(.debug_pubnames)

.debug_info     0x00000000     0x8d29
 *(.debug_info .gnu.linkonce.wi.*)
 .debug_info    0x00000000     0x3357 C:/Program Files (x86)/Atmel/Studio/7.0/Packs/atmel/AVR-Dx_DFP/1.10.114/gcc/dev/avr128db64/avrxmega4/crtavr128db64.o
 .debug_info    0x00003357       0x92 fclk_set_8mhz_asm.o
 .debug_info    0x000033e9     0x5940 main_128_wSoCH_wTCoff_wRPGon_R3.o

.debug_abbrev   0x00000000     0x34ec
 *(.debug_abbrev)
 .debug_abbrev  0x00000000     0x30a0 C:/Program Files (x86)/Atmel/Studio/7.0/Packs/atmel/AVR-Dx_DFP/1.10.114/gcc/dev/avr128db64/avrxmega4/crtavr128db64.o
 .debug_abbrev  0x000030a0       0x14 fclk_set_8mhz_asm.o
 .debug_abbrev  0x000030b4      0x438 main_128_wSoCH_wTCoff_wRPGon_R3.o

.debug_line     0x00000000     0x5673
 *(.debug_line .debug_line.* .debug_line_end)
 .debug_line    0x00000000      0x21d C:/Program Files (x86)/Atmel/Studio/7.0/Packs/atmel/AVR-Dx_DFP/1.10.114/gcc/dev/avr128db64/avrxmega4/crtavr128db64.o
 .debug_line    0x0000021d       0x5e fclk_set_8mhz_asm.o
 .debug_line    0x0000027b     0x53f8 main_128_wSoCH_wTCoff_wRPGon_R3.o

.debug_frame    0x00000000      0xd0c
 *(.debug_frame)
 .debug_frame   0x00000000      0xd0c main_128_wSoCH_wTCoff_wRPGon_R3.o

.debug_str      0x00000000     0x3186
 *(.debug_str)
 .debug_str     0x00000000     0x169e C:/Program Files (x86)/Atmel/Studio/7.0/Packs/atmel/AVR-Dx_DFP/1.10.114/gcc/dev/avr128db64/avrxmega4/crtavr128db64.o
 .debug_str     0x0000169e     0x1ae8 main_128_wSoCH_wTCoff_wRPGon_R3.o
                               0x1bbc (size before relaxing)

.debug_loc      0x00000000     0x1b70
 *(.debug_loc)
 .debug_loc     0x00000000     0x1b70 main_128_wSoCH_wTCoff_wRPGon_R3.o

.debug_macinfo
 *(.debug_macinfo)

.debug_weaknames
 *(.debug_weaknames)

.debug_funcnames
 *(.debug_funcnames)

.debug_typenames
 *(.debug_typenames)

.debug_varnames
 *(.debug_varnames)

.debug_pubtypes
 *(.debug_pubtypes)

.debug_ranges   0x00000000      0x320
 *(.debug_ranges)
 .debug_ranges  0x00000000      0x320 main_128_wSoCH_wTCoff_wRPGon_R3.o

.debug_macro
 *(.debug_macro)
OUTPUT(WMOS_AVR_Code.elf elf32-avr)
LOAD linker stubs
